Component: ARM Compiler 5.06 update 6 (build 750) Tool: armlink [4d35ed]

==============================================================================

Section Cross References

    startup_stm32f40_41xxx.o(RESET) refers to startup_stm32f40_41xxx.o(STACK) for __initial_sp
    startup_stm32f40_41xxx.o(RESET) refers to startup_stm32f40_41xxx.o(.text) for Reset_Handler
    startup_stm32f40_41xxx.o(RESET) refers to stm32f4xx_it.o(i.NMI_Handler) for NMI_Handler
    startup_stm32f40_41xxx.o(RESET) refers to stm32f4xx_it.o(i.HardFault_Handler) for HardFault_Handler
    startup_stm32f40_41xxx.o(RESET) refers to stm32f4xx_it.o(i.MemManage_Handler) for MemManage_Handler
    startup_stm32f40_41xxx.o(RESET) refers to stm32f4xx_it.o(i.BusFault_Handler) for BusFault_Handler
    startup_stm32f40_41xxx.o(RESET) refers to stm32f4xx_it.o(i.UsageFault_Handler) for UsageFault_Handler
    startup_stm32f40_41xxx.o(RESET) refers to stm32f4xx_it.o(i.SVC_Handler) for SVC_Handler
    startup_stm32f40_41xxx.o(RESET) refers to stm32f4xx_it.o(i.DebugMon_Handler) for DebugMon_Handler
    startup_stm32f40_41xxx.o(RESET) refers to stm32f4xx_it.o(i.PendSV_Handler) for PendSV_Handler
    startup_stm32f40_41xxx.o(RESET) refers to stm32f4xx_it.o(i.SysTick_Handler) for SysTick_Handler
    startup_stm32f40_41xxx.o(RESET) refers to timer.o(i.TIM1_BRK_TIM9_IRQHandler) for TIM1_BRK_TIM9_IRQHandler
    startup_stm32f40_41xxx.o(RESET) refers to esp32.o(i.USART2_IRQHandler) for USART2_IRQHandler
    startup_stm32f40_41xxx.o(RESET) refers to rtc.o(i.RTC_Alarm_IRQHandler) for RTC_Alarm_IRQHandler
    startup_stm32f40_41xxx.o(RESET) refers to font.o(i.DMA2_Stream5_IRQHandler) for DMA2_Stream5_IRQHandler
    startup_stm32f40_41xxx.o(RESET) refers to mg200.o(i.USART6_IRQHandler) for USART6_IRQHandler
    startup_stm32f40_41xxx.o(.text) refers to system_stm32f4xx.o(i.SystemInit) for SystemInit
    startup_stm32f40_41xxx.o(.text) refers to entry.o(.ARM.Collect$$$$00000000) for __main
    main.o(i.main) refers to led.o(i.Led_Config) for Led_Config
    main.o(i.main) refers to usart.o(i.Usart_Config) for Usart_Config
    main.o(i.main) refers to bs8116.o(i.BS8116_Config) for BS8116_Config
    main.o(i.main) refers to at24c04.o(i.AT24C04_Config) for AT24C04_Config
    main.o(i.main) refers to voice.o(i.Voice_Config) for Voice_Config
    main.o(i.main) refers to voice.o(i.Voice_Work) for Voice_Work
    main.o(i.main) refers to motor.o(i.Motor_Config) for Motor_Config
    main.o(i.main) refers to mg200.o(i.MG200_Init) for MG200_Init
    main.o(i.main) refers to rfid.o(i.RFID_Init) for RFID_Init
    main.o(i.main) refers to spi.o(i.SPI1_Config) for SPI1_Config
    main.o(i.main) refers to lcd.o(i.LCD_Init) for LCD_Init
    main.o(i.main) refers to rtc.o(i.RTC_Clender_Config) for RTC_Clender_Config
    main.o(i.main) refers to esp32.o(i.Esp_Init) for Esp_Init
    main.o(i.main) refers to printf8.o(i.__0printf$8) for __2printf
    main.o(i.main) refers to at24c04.o(i.AT_Cross_Write) for AT_Cross_Write
    main.o(i.main) refers to at24c04.o(i.AT_Random_Read) for AT_Random_Read
    main.o(i.main) refers to esp32.o(i.ESP32_Subscription) for ESP32_Subscription
    main.o(i.main) refers to esp32.o(i.ESP32_Publish) for ESP32_Publish
    main.o(i.main) refers to lcd.o(i.LCD_Clear) for LCD_Clear
    main.o(i.main) refers to lcd.o(i.LCD_Dis_GUI) for LCD_Dis_GUI
    main.o(i.main) refers to bs8116.o(i.Get_BsKey_Value) for Get_BsKey_Value
    main.o(i.main) refers to bs8116.o(i.BS_Open_Lock) for BS_Open_Lock
    main.o(i.main) refers to mg200.o(i.MG_Open_lock) for MG_Open_lock
    main.o(i.main) refers to rfid.o(i.RFID_Open_lock) for RFID_Open_lock
    main.o(i.main) refers to esp32.o(i.ESP32_Open_Lock) for ESP32_Open_Lock
    main.o(i.main) refers to lcd.o(i.LCD_Dis_RTC) for LCD_Dis_RTC
    main.o(i.main) refers to bs8116.o(i.BS_Change_Password) for BS_Change_Password
    main.o(i.main) refers to mg200.o(i.MG_Enroll) for MG_Enroll
    main.o(i.main) refers to mg200.o(i.MG_Delect_All) for MG_Delect_All
    main.o(i.main) refers to voice.o(i.VOICE_Set_Volume) for VOICE_Set_Volume
    main.o(i.main) refers to mg200.o(i.MG_Del_By_Id) for MG_Del_By_Id
    main.o(i.main) refers to esp32.o(i.ESP32_Close_Lock) for ESP32_Close_Lock
    main.o(i.main) refers to main.o(.data) for volume
    main.o(i.main) refers to main.o(.bss) for rev_buf
    main.o(i.main) refers to esp32.o(.bss) for esp32rec
    main.o(i.main) refers to bs8116.o(.data) for page_flag
    system_stm32f4xx.o(i.SystemCoreClockUpdate) refers to system_stm32f4xx.o(.data) for SystemCoreClock
    system_stm32f4xx.o(i.SystemInit) refers to system_stm32f4xx.o(i.SetSysClock) for SetSysClock
    usart.o(i.Usart_Config) refers to stm32f4xx_rcc.o(i.RCC_AHB1PeriphClockCmd) for RCC_AHB1PeriphClockCmd
    usart.o(i.Usart_Config) refers to stm32f4xx_gpio.o(i.GPIO_PinAFConfig) for GPIO_PinAFConfig
    usart.o(i.Usart_Config) refers to stm32f4xx_gpio.o(i.GPIO_Init) for GPIO_Init
[...]
    ..\lib\src\stm32f4xx_rcc.c               0x00000000   Number         0  stm32f4xx_rcc.o ABSOLUTE
    ..\lib\src\stm32f4xx_rng.c               0x00000000   Number         0  stm32f4xx_rng.o ABSOLUTE
    ..\lib\src\stm32f4xx_rtc.c               0x00000000   Number         0  stm32f4xx_rtc.o ABSOLUTE
    ..\lib\src\stm32f4xx_sai.c               0x00000000   Number         0  stm32f4xx_sai.o ABSOLUTE
    ..\lib\src\stm32f4xx_sdio.c              0x00000000   Number         0  stm32f4xx_sdio.o ABSOLUTE
    ..\lib\src\stm32f4xx_spi.c               0x00000000   Number         0  stm32f4xx_spi.o ABSOLUTE
    ..\lib\src\stm32f4xx_syscfg.c            0x00000000   Number         0  stm32f4xx_syscfg.o ABSOLUTE
    ..\lib\src\stm32f4xx_tim.c               0x00000000   Number         0  stm32f4xx_tim.o ABSOLUTE
    ..\lib\src\stm32f4xx_usart.c             0x00000000   Number         0  stm32f4xx_usart.o ABSOLUTE
    ..\lib\src\stm32f4xx_wwdg.c              0x00000000   Number         0  stm32f4xx_wwdg.o ABSOLUTE
    ..\startup\startup_stm32f40_41xxx.s      0x00000000   Number         0  startup_stm32f40_41xxx.o ABSOLUTE
    ..\user\api\at24c04.c                    0x00000000   Number         0  at24c04.o ABSOLUTE
    ..\user\api\atiic.c                      0x00000000   Number         0  atiic.o ABSOLUTE
    ..\user\api\bs8116.c                     0x00000000   Number         0  bs8116.o ABSOLUTE
    ..\user\api\bsiic.c                      0x00000000   Number         0  bsiic.o ABSOLUTE
    ..\user\api\delay.c                      0x00000000   Number         0  delay.o ABSOLUTE
    ..\user\api\esp32.c                      0x00000000   Number         0  esp32.o ABSOLUTE
    ..\user\api\font.c                       0x00000000   Number         0  font.o ABSOLUTE
    ..\user\api\gif.c                        0x00000000   Number         0  gif.o ABSOLUTE
    ..\user\api\key.c                        0x00000000   Number         0  key.o ABSOLUTE
    ..\user\api\lcd.c                        0x00000000   Number         0  lcd.o ABSOLUTE
    ..\user\api\led.c                        0x00000000   Number         0  led.o ABSOLUTE
    ..\user\api\mg200.c                      0x00000000   Number         0  mg200.o ABSOLUTE
    ..\user\api\motor.c                      0x00000000   Number         0  motor.o ABSOLUTE
    ..\user\api\mqtt.c                       0x00000000   Number         0  mqtt.o ABSOLUTE
    ..\user\api\rfid.c                       0x00000000   Number         0  rfid.o ABSOLUTE
    ..\user\api\rtc.c                        0x00000000   Number         0  rtc.o ABSOLUTE
    ..\user\api\spi.c                        0x00000000   Number         0  spi.o ABSOLUTE
    ..\user\api\timer.c                      0x00000000   Number         0  timer.o ABSOLUTE
    ..\user\api\usart.c                      0x00000000   Number         0  usart.o ABSOLUTE
    ..\user\api\voice.c                      0x00000000   Number         0  voice.o ABSOLUTE
    ..\user\api\w25q64.c                     0x00000000   Number         0  w25q64.o ABSOLUTE
    ..\user\main.c                           0x00000000   Number         0  main.o ABSOLUTE
    ..\user\stm32f4xx_it.c                   0x00000000   Number         0  stm32f4xx_it.o ABSOLUTE
    ..\user\system_stm32f4xx.c               0x00000000   Number         0  system_stm32f4xx.o ABSOLUTE
    cdrcmple.s                               0x00000000   Number         0  cdrcmple.o ABSOLUTE
    dc.s                                     0x00000000   Number         0  dc.o ABSOLUTE
    handlers.s                               0x00000000   Number         0  handlers.o ABSOLUTE
    init.s                                   0x00000000   Number         0  init.o ABSOLUTE
    RESET                                    0x08000000   Section      392  startup_stm32f40_41xxx.o(RESET)
    .ARM.Collect$$$$00000000                 0x08000188   Section        0  entry.o(.ARM.Collect$$$$00000000)
    .ARM.Collect$$$$00000001                 0x08000188   Section        4  entry2.o(.ARM.Collect$$$$00000001)
    .ARM.Collect$$$$00000004                 0x0800018c   Section        4  entry5.o(.ARM.Collect$$$$00000004)
    .ARM.Collect$$$$00000008                 0x08000190   Section        0  entry7b.o(.ARM.Collect$$$$00000008)
    .ARM.Collect$$$$0000000A                 0x08000190   Section        0  entry8b.o(.ARM.Collect$$$$0000000A)
    .ARM.Collect$$$$0000000B                 0x08000190   Section        8  entry9a.o(.ARM.Collect$$$$0000000B)
    .ARM.Collect$$$$0000000D                 0x08000198   Section        0  entry10a.o(.ARM.Collect$$$$0000000D)
    .ARM.Collect$$$$0000000F                 0x08000198   Section        0  entry11a.o(.ARM.Collect$$$$0000000F)
    .ARM.Collect$$$$00002712                 0x08000198   Section        4  entry2.o(.ARM.Collect$$$$00002712)
    __lit__00000000                          0x08000198   Data           4  entry2.o(.ARM.Collect$$$$00002712)
    .text                                    0x0800019c   Section       36  startup_stm32f40_41xxx.o(.text)
    $v0                                      0x0800019c   Number         0  startup_stm32f40_41xxx.o(.text)
    .text                                    0x080001c0   Section        0  memcpya.o(.text)
    .text                                    0x080001e4   Section        0  memseta.o(.text)
    .text                                    0x08000208   Section        0  strcat.o(.text)
    .text                                    0x08000220   Section        0  strstr.o(.text)
    .text                                    0x08000244   Section        0  strlen.o(.text)
    .text                                    0x08000252   Section        0  strcmp.o(.text)
    .text                                    0x0800026e   Section        0  uldiv.o(.text)
    .text                                    0x080002d0   Section       36  init.o(.text)
    .text                                    0x080002f4   Section        0  llshl.o(.text)
    .text                                    0x08000312   Section        0  llushr.o(.text)
    i.AT24C04_Config                         0x08000334   Section        0  at24c04.o(i.AT24C04_Config)
    i.ATIIC_Rev_Ack                          0x0800037c   Section        0  atiic.o(i.ATIIC_Rev_Ack)
    i.ATIIC_Rev_Data                         0x080003bc   Section        0  atiic.o(i.ATIIC_Rev_Data)
    i.ATIIC_Send_Ack                         0x08000414   Section        0  atiic.o(i.ATIIC_Send_Ack)
    i.ATIIC_Send_Data                        0x08000454   Section        0  atiic.o(i.ATIIC_Send_Data)
    i.ATIIC_Start                            0x080004ac   Section        0  atiic.o(i.ATIIC_Start)
    i.ATIIC_Stop                             0x080004ec   Section        0  atiic.o(i.ATIIC_Stop)
    i.AT_Cross_Write                         0x0800052c   Section        0  at24c04.o(i.AT_Cross_Write)
    i.AT_Page_Write                          0x08000588   Section        0  at24c04.o(i.AT_Page_Write)
    i.AT_Random_Read                         0x08000610   Section        0  at24c04.o(i.AT_Random_Read)
    i.BS8116_Config                          0x080006a8   Section        0  bs8116.o(i.BS8116_Config)
    i.BSIIC_Rev_Ack                          0x08000708   Section        0  bsiic.o(i.BSIIC_Rev_Ack)
    i.BSIIC_Rev_Data                         0x08000744   Section        0  bsiic.o(i.BSIIC_Rev_Data)
    i.BSIIC_Send_Ack                         0x0800079c   Section        0  bsiic.o(i.BSIIC_Send_Ack)
    i.BSIIC_Send_Data                        0x080007dc   Section        0  bsiic.o(i.BSIIC_Send_Data)
    i.BSIIC_Start                            0x08000834   Section        0  bsiic.o(i.BSIIC_Start)
    i.BSIIC_Stop                             0x08000874   Section        0  bsiic.o(i.BSIIC_Stop)
    i.BS_Change_Password                     0x080008b4   Section        0  bs8116.o(i.BS_Change_Password)
    i.BS_Open_Lock                           0x08000b40   Section        0  bs8116.o(i.BS_Open_Lock)
    i.BYTE0                                  0x08000d38   Section        0  mqtt.o(i.BYTE0)
    BYTE0                                    0x08000d39   Thumb Code     6  mqtt.o(i.BYTE0)
    i.BYTE1                                  0x08000d3e   Section        0  mqtt.o(i.BYTE1)
    BYTE1                                    0x08000d3f   Thumb Code     8  mqtt.o(i.BYTE1)
    i.BusFault_Handler                       0x08000d46   Section        0  stm32f4xx_it.o(i.BusFault_Handler)
    i.CalulateCRC                            0x08000d4a   Section        0  rfid.o(i.CalulateCRC)
    i.CaptureAndExtract                      0x08000db8   Section        0  mg200.o(i.CaptureAndExtract)
    i.ClearBitMask                           0x08001024   Section        0  rfid.o(i.ClearBitMask)
    i.Close_Door                             0x08001040   Section        0  motor.o(i.Close_Door)
    i.Connect                                0x0800104c   Section        0  mqtt.o(i.Connect)
    Connect                                  0x0800104d   Thumb Code   642  mqtt.o(i.Connect)
    i.DMA2_Stream5_IRQHandler                0x080012dc   Section        0  font.o(i.DMA2_Stream5_IRQHandler)
    i.DMA_ClearITPendingBit                  0x08001300   Section        0  stm32f4xx_dma.o(i.DMA_ClearITPendingBit)
    i.DebugMon_Handler                       0x08001334   Section        0  stm32f4xx_it.o(i.DebugMon_Handler)
    i.Delay_Ms                               0x08001336   Section        0  delay.o(i.Delay_Ms)
    i.Delay_Us                               0x0800134e   Section        0  delay.o(i.Delay_Us)
    i.Disconnect                             0x08001404   Section        0  mqtt.o(i.Disconnect)
    Disconnect                               0x08001405   Thumb Code    14  mqtt.o(i.Disconnect)
    i.ESP32_Close_Lock                       0x0800141c   Section        0  esp32.o(i.ESP32_Close_Lock)
    i.ESP32_Open_Lock                        0x08001478   Section        0  esp32.o(i.ESP32_Open_Lock)
    i.ESP32_Publish                          0x0800157c   Section        0  esp32.o(i.ESP32_Publish)
    i.ESP32_Subscription                     0x080015e0   Section        0  esp32.o(i.ESP32_Subscription)
    i.EXTI_ClearITPendingBit                 0x0800176c   Section        0  stm32f4xx_exti.o(i.EXTI_ClearITPendingBit)
    i.Enroll                                 0x08001778   Section        0  mg200.o(i.Enroll)
    i.EraseAll                               0x08001bfc   Section        0  mg200.o(i.EraseAll)
    i.Esp_Connect_AP                         0x08001d8c   Section        0  esp32.o(i.Esp_Connect_AP)
    i.Esp_Connect_Tcp                        0x08001e14   Section        0  esp32.o(i.Esp_Connect_Tcp)
    i.Esp_Exit                               0x08001f3c   Section        0  esp32.o(i.Esp_Exit)
    i.Esp_Init                               0x08001f68   Section        0  esp32.o(i.Esp_Init)
    i.Esp_RESTORE                            0x08001fe4   Section        0  esp32.o(i.Esp_RESTORE)
    i.Esp_Send_And_Ack                       0x08002048   Section        0  esp32.o(i.Esp_Send_And_Ack)
    i.GPIO_Init                              0x0800209c   Section        0  stm32f4xx_gpio.o(i.GPIO_Init)
    i.GPIO_PinAFConfig                       0x0800212c   Section        0  stm32f4xx_gpio.o(i.GPIO_PinAFConfig)
    i.GPIO_ReadInputDataBit                  0x08002172   Section        0  stm32f4xx_gpio.o(i.GPIO_ReadInputDataBit)
    i.GPIO_ResetBits                         0x08002184   Section        0  stm32f4xx_gpio.o(i.GPIO_ResetBits)
    i.GPIO_SetBits                           0x08002188   Section        0  stm32f4xx_gpio.o(i.GPIO_SetBits)
    i.GPIO_ToggleBits                        0x0800218c   Section        0  stm32f4xx_gpio.o(i.GPIO_ToggleBits)
    i.Get_BsKey_Value                        0x08002194   Section        0  bs8116.o(i.Get_BsKey_Value)
    i.HardFault_Handler                      0x0800229c   Section        0  stm32f4xx_it.o(i.HardFault_Handler)
    i.Init                                   0x080022a0   Section        0  mqtt.o(i.Init)
    Init                                     0x080022a1   Thumb Code    14  mqtt.o(i.Init)
    i.LCDFONT_Display_ASCII                  0x080022b4   Section        0  lcd.o(i.LCDFONT_Display_ASCII)
    i.LCDFONT_Display_Font                   0x080023ac   Section        0  lcd.o(i.LCDFONT_Display_Font)
    i.LCDFONT_Display_Str                    0x08002490   Section        0  lcd.o(i.LCDFONT_Display_Str)
    i.LCD_Clear                              0x080024ea   Section        0  lcd.o(i.LCD_Clear)
    i.LCD_Dis_GUI                            0x0800252c   Section        0  lcd.o(i.LCD_Dis_GUI)
    i.LCD_Dis_RTC                            0x080025f8   Section        0  lcd.o(i.LCD_Dis_RTC)
    i.LCD_Display_Point                      0x08002798   Section        0  lcd.o(i.LCD_Display_Point)
    i.LCD_Init                               0x080027b4   Section        0  lcd.o(i.LCD_Init)
    i.LCD_Pin_Config                         0x0800298c   Section        0  lcd.o(i.LCD_Pin_Config)
    i.LCD_Set_Positon                        0x080029d4   Section        0  lcd.o(i.LCD_Set_Positon)
    i.Led_Config                             0x08002a0c   Section        0  led.o(i.Led_Config)
    i.M500PcdConfigISOType                   0x08002a54   Section        0  rfid.o(i.M500PcdConfigISOType)
    i.MG200_Config                           0x08002ab0   Section        0  mg200.o(i.MG200_Config)
    i.MG200_Init                             0x08002ae8   Section        0  mg200.o(i.MG200_Init)
    i.MG_Del_By_Id                           0x08002af8   Section        0  mg200.o(i.MG_Del_By_Id)
    i.MG_Delect_All                          0x08002d48   Section        0  mg200.o(i.MG_Delect_All)
    i.MG_Enroll                              0x08002da8   Section        0  mg200.o(i.MG_Enroll)
    i.MG_Open_lock                           0x08002e00   Section        0  mg200.o(i.MG_Open_lock)
    i.MG_Rev_Pack                            0x08002e68   Section        0  mg200.o(i.MG_Rev_Pack)
    i.MG_Send_Pack                           0x08002f14   Section        0  mg200.o(i.MG_Send_Pack)
    i.Match1N                                0x08002f50   Section        0  mg200.o(i.Match1N)
    i.MemManage_Handler                      0x08003170   Section        0  stm32f4xx_it.o(i.MemManage_Handler)
    i.Motor_Config                           0x08003174   Section        0  motor.o(i.Motor_Config)
    i.Motor_State                            0x080031ac   Section        0  motor.o(i.Motor_State)
    i.NMI_Handler                            0x080031f8   Section        0  stm32f4xx_it.o(i.NMI_Handler)
    i.NVIC_Init                              0x080031fc   Section        0  misc.o(i.NVIC_Init)
    i.NVIC_PriorityGroupConfig               0x08003274   Section        0  misc.o(i.NVIC_PriorityGroupConfig)
    i.Open_Door                              0x08003288   Section        0  motor.o(i.Open_Door)
    i.PWR_BackupAccessCmd                    0x08003294   Section        0  stm32f4xx_pwr.o(i.PWR_BackupAccessCmd)
    i.PcdAntennaOff                          0x080032a0   Section        0  rfid.o(i.PcdAntennaOff)
    i.PcdAntennaOn                           0x080032ac   Section        0  rfid.o(i.PcdAntennaOn)
    i.PcdAnticoll                            0x080032c6   Section        0  rfid.o(i.PcdAnticoll)
    i.PcdComMF522                            0x08003336   Section        0  rfid.o(i.PcdComMF522)
    i.PcdRequest                             0x08003474   Section        0  rfid.o(i.PcdRequest)
    i.PcdReset                               0x080034cc   Section        0  rfid.o(i.PcdReset)
    i.PcdSelect                              0x08003548   Section        0  rfid.o(i.PcdSelect)
    i.PendSV_Handler                         0x080035bc   Section        0  stm32f4xx_it.o(i.PendSV_Handler)
    i.PublishData                            0x080035c0   Section        0  mqtt.o(i.PublishData)
    PublishData                              0x080035c1   Thumb Code   308  mqtt.o(i.PublishData)
    i.RCC_AHB1PeriphClockCmd                 0x080036fc   Section        0  stm32f4xx_rcc.o(i.RCC_AHB1PeriphClockCmd)
    i.RCC_APB1PeriphClockCmd                 0x0800371c   Section        0  stm32f4xx_rcc.o(i.RCC_APB1PeriphClockCmd)
    i.RCC_APB2PeriphClockCmd                 0x0800373c   Section        0  stm32f4xx_rcc.o(i.RCC_APB2PeriphClockCmd)
    i.RCC_GetClocksFreq                      0x0800375c   Section        0  stm32f4xx_rcc.o(i.RCC_GetClocksFreq)
    i.RCC_LSICmd                             0x08003844   Section        0  stm32f4xx_rcc.o(i.RCC_LSICmd)
    i.RCC_RTCCLKCmd                          0x08003850   Section        0  stm32f4xx_rcc.o(i.RCC_RTCCLKCmd)
    i.RCC_RTCCLKConfig                       0x0800385c   Section        0  stm32f4xx_rcc.o(i.RCC_RTCCLKConfig)
    i.RFID_Init                              0x08003898   Section        0  rfid.o(i.RFID_Init)
    i.RFID_Open_lock                         0x080038ac   Section        0  rfid.o(i.RFID_Open_lock)
    i.RTC_Alarm_IRQHandler                   0x08003a6c   Section        0  rtc.o(i.RTC_Alarm_IRQHandler)
    i.RTC_Bcd2ToByte                         0x08003ab0   Section        0  stm32f4xx_rtc.o(i.RTC_Bcd2ToByte)
    RTC_Bcd2ToByte                           0x08003ab1   Thumb Code    22  stm32f4xx_rtc.o(i.RTC_Bcd2ToByte)
    i.RTC_ByteToBcd2                         0x08003ac6   Section        0  stm32f4xx_rtc.o(i.RTC_ByteToBcd2)
    RTC_ByteToBcd2                           0x08003ac7   Thumb Code    28  stm32f4xx_rtc.o(i.RTC_ByteToBcd2)
    i.RTC_ClearITPendingBit                  0x08003ae4   Section        0  stm32f4xx_rtc.o(i.RTC_ClearITPendingBit)
    i.RTC_Clender_Config                     0x08003b04   Section        0  rtc.o(i.RTC_Clender_Config)
    i.RTC_EnterInitMode                      0x08003b68   Section        0  stm32f4xx_rtc.o(i.RTC_EnterInitMode)
    i.RTC_ExitInitMode                       0x08003bb8   Section        0  stm32f4xx_rtc.o(i.RTC_ExitInitMode)
    i.RTC_GetDate                            0x08003bcc   Section        0  stm32f4xx_rtc.o(i.RTC_GetDate)
    i.RTC_GetITStatus                        0x08003c18   Section        0  stm32f4xx_rtc.o(i.RTC_GetITStatus)
    i.RTC_GetTime                            0x08003c58   Section        0  stm32f4xx_rtc.o(i.RTC_GetTime)
    i.RTC_Init                               0x08003ca8   Section        0  stm32f4xx_rtc.o(i.RTC_Init)
    i.RTC_SetDate                            0x08003d0c   Section        0  stm32f4xx_rtc.o(i.RTC_SetDate)
    i.RTC_SetTime                            0x08003dd4   Section        0  stm32f4xx_rtc.o(i.RTC_SetTime)
    i.RTC_WaitForSynchro                     0x08003ea4   Section        0  stm32f4xx_rtc.o(i.RTC_WaitForSynchro)
    i.RTC_WriteProtectionCmd                 0x08003f04   Section        0  stm32f4xx_rtc.o(i.RTC_WriteProtectionCmd)
    i.ReadRawRC                              0x08003f20   Section        0  rfid.o(i.ReadRawRC)
    i.Reset_RC522                            0x08003f5c   Section        0  rfid.o(i.Reset_RC522)
    i.SPI1_Config                            0x08003f6c   Section        0  spi.o(i.SPI1_Config)
    i.SPI1_Echo                              0x08003ff8   Section        0  spi.o(i.SPI1_Echo)
    i.SPI3TransferByte                       0x08004028   Section        0  rfid.o(i.SPI3TransferByte)
    i.SPI_Send_Data                          0x08004094   Section        0  lcd.o(i.SPI_Send_Data)
    i.SVC_Handler                            0x080040d4   Section        0  stm32f4xx_it.o(i.SVC_Handler)
    i.SendData                               0x080040d8   Section        0  mqtt.o(i.SendData)
    SendData                                 0x080040d9   Thumb Code    38  mqtt.o(i.SendData)
    i.Send_Cmd_LCD                           0x08004104   Section        0  lcd.o(i.Send_Cmd_LCD)
    i.Send_Data_16b_LCD                      0x0800412c   Section        0  lcd.o(i.Send_Data_16b_LCD)
    i.Send_Data_LCD                          0x0800415c   Section        0  lcd.o(i.Send_Data_LCD)
    i.SentHeart                              0x08004184   Section        0  mqtt.o(i.SentHeart)
    SentHeart                                0x08004185   Thumb Code    14  mqtt.o(i.SentHeart)
    i.SetBitMask                             0x0800419c   Section        0  rfid.o(i.SetBitMask)
    i.SetSysClock                            0x080041b8   Section        0  system_stm32f4xx.o(i.SetSysClock)
    SetSysClock                              0x080041b9   Thumb Code   216  system_stm32f4xx.o(i.SetSysClock)
    i.Set_RTC_Date                           0x080042a0   Section        0  rtc.o(i.Set_RTC_Date)
    i.Set_RTC_Time                           0x080042c4   Section        0  rtc.o(i.Set_RTC_Time)
    i.Spi3_Init                              0x080042e8   Section        0  rfid.o(i.Spi3_Init)
    i.SubscribeTopic                         0x08004360   Section        0  mqtt.o(i.SubscribeTopic)
    SubscribeTopic                           0x08004361   Thumb Code   370  mqtt.o(i.SubscribeTopic)
    i.SysTick_Handler                        0x080044e0   Section        0  stm32f4xx_it.o(i.SysTick_Handler)
    i.SystemInit                             0x080044e4   Section        0  system_stm32f4xx.o(i.SystemInit)
    i.TIM1_BRK_TIM9_IRQHandler               0x0800454c   Section        0  timer.o(i.TIM1_BRK_TIM9_IRQHandler)
    i.TIM5_Delay_Ms                          0x080045b8   Section        0  timer.o(i.TIM5_Delay_Ms)
    i.TIM5_Delay_Us                          0x08004620   Section        0  timer.o(i.TIM5_Delay_Us)
    i.TIM_ClearFlag                          0x08004678   Section        0  stm32f4xx_tim.o(i.TIM_ClearFlag)
    i.TIM_ClearITPendingBit                  0x0800467e   Section        0  stm32f4xx_tim.o(i.TIM_ClearITPendingBit)
    i.TIM_Cmd                                0x08004684   Section        0  stm32f4xx_tim.o(i.TIM_Cmd)
    i.TIM_GetFlagStatus                      0x0800469c   Section        0  stm32f4xx_tim.o(i.TIM_GetFlagStatus)
    i.TIM_GetITStatus                        0x080046ae   Section        0  stm32f4xx_tim.o(i.TIM_GetITStatus)
    i.TIM_TimeBaseInit                       0x080046d0   Section        0  stm32f4xx_tim.o(i.TIM_TimeBaseInit)
    i.USART2_IRQHandler                      0x08004754   Section        0  esp32.o(i.USART2_IRQHandler)
    i.USART6_IRQHandler                      0x080047d8   Section        0  mg200.o(i.USART6_IRQHandler)
    i.USART_Cmd                              0x0800483c   Section        0  stm32f4xx_usart.o(i.USART_Cmd)
    i.USART_GetFlagStatus                    0x08004854   Section        0  stm32f4xx_usart.o(i.USART_GetFlagStatus)
    i.USART_GetITStatus                      0x0800486e   Section        0  stm32f4xx_usart.o(i.USART_GetITStatus)
    i.USART_ITConfig                         0x080048c2   Section        0  stm32f4xx_usart.o(i.USART_ITConfig)
    i.USART_Init                             0x0800490c   Section        0  stm32f4xx_usart.o(i.USART_Init)
    i.USART_ReceiveData                      0x080049e0   Section        0  stm32f4xx_usart.o(i.USART_ReceiveData)
    i.USART_SendData                         0x080049ea   Section        0  stm32f4xx_usart.o(i.USART_SendData)
    i.UsageFault_Handler                     0x080049f2   Section        0  stm32f4xx_it.o(i.UsageFault_Handler)
    i.Usart6_Config                          0x080049f8   Section        0  mg200.o(i.Usart6_Config)
    i.Usart6_Send_Byte                       0x08004ab8   Section        0  mg200.o(i.Usart6_Send_Byte)
    i.Usart_Config                           0x08004ad8   Section        0  usart.o(i.Usart_Config)
    i.VOICE_Set_Volume                       0x08004b64   Section        0  voice.o(i.VOICE_Set_Volume)
    i.Voice_Config                           0x08004cd0   Section        0  voice.o(i.Voice_Config)
    i.Voice_Data                             0x08004d10   Section        0  voice.o(i.Voice_Data)
    i.Voice_Start                            0x08004d60   Section        0  voice.o(i.Voice_Start)
    i.Voice_Work                             0x08004d88   Section        0  voice.o(i.Voice_Work)
    i.W25_Read_Data                          0x08004dcc   Section        0  w25q64.o(i.W25_Read_Data)
    i.WriteRawRC                             0x08004e18   Section        0  rfid.o(i.WriteRawRC)
    i.__0printf$8                            0x08004e4c   Section        0  printf8.o(i.__0printf$8)
    i.__0sprintf$8                           0x08004e6c   Section        0  printf8.o(i.__0sprintf$8)
    i.__scatterload_copy                     0x08004e94   Section       14  handlers.o(i.__scatterload_copy)
    i.__scatterload_null                     0x08004ea2   Section        2  handlers.o(i.__scatterload_null)
    i.__scatterload_zeroinit                 0x08004ea4   Section       14  handlers.o(i.__scatterload_zeroinit)
    i._printf_core                           0x08004eb4   Section        0  printf8.o(i._printf_core)
    _printf_core                             0x08004eb5   Thumb Code   996  printf8.o(i._printf_core)
    i._printf_post_padding                   0x080052c4   Section        0  printf8.o(i._printf_post_padding)
    _printf_post_padding                     0x080052c5   Thumb Code    36  printf8.o(i._printf_post_padding)
    i._printf_pre_padding                    0x080052e8   Section        0  printf8.o(i._printf_pre_padding)
    _printf_pre_padding                      0x080052e9   Thumb Code    46  printf8.o(i._printf_pre_padding)
    i._sputc                                 0x08005316   Section        0  printf8.o(i._sputc)
    _sputc                                   0x08005317   Thumb Code    10  printf8.o(i._sputc)
    i.fputc                                  0x08005320   Section        0  usart.o(i.fputc)
    i.main                                   0x08005338   Section        0  main.o(i.main)
    i.usart2_config                          0x0800551c   Section        0  esp32.o(i.usart2_config)
    i.usart2_send_str                        0x080055ec   Section        0  esp32.o(i.usart2_send_str)
    .constdata                               0x08005614   Section      100  esp32.o(.constdata)
    .constdata                               0x08005678   Section       12  mqtt.o(.constdata)
    .conststring                             0x08005684   Section      206  esp32.o(.conststring)
    .data                                    0x20000000   Section       35  main.o(.data)
    .data                                    0x20000024   Section       10  timer.o(.data)
    .data                                    0x2000002e   Section        1  bs8116.o(.data)
    .data                                    0x2000002f   Section        2  mg200.o(.data)
    i                                        0x20000030   Data           1  mg200.o(.data)
    .data                                    0x20000034   Section       46  mqtt.o(.data)
    id                                       0x20000060   Data           2  mqtt.o(.data)
    .data                                    0x20000062   Section       16  stm32f4xx_rcc.o(.data)
    APBAHBPrescTable                         0x20000062   Data          16  stm32f4xx_rcc.o(.data)
    .data                                    0x20000074   Section        4  stdout.o(.data)
    .bss                                     0x20000078   Section      680  main.o(.bss)
    .bss                                     0x20000320   Section       10  mg200.o(.bss)
    .bss                                     0x2000032c   Section     8200  font.o(.bss)
    .bss                                     0x20002334   Section     1028  esp32.o(.bss)
    .bss                                     0x20002738   Section      512  mqtt.o(.bss)
    STACK                                    0x20002938   Section     1024  startup_stm32f40_41xxx.o(STACK)

    Global Symbols

    Symbol Name                              Value     Ov Type        Size  Object(Section)

    BuildAttributes$$THM_ISAv4$E$P$D$K$B$S$7EM$VFPi3$EXTD16$VFPS$VFMA$PE$A:L22UL41UL21$X:L11$S22US41US21$IEEE1$IW$USESV6$~STKCKD$USESV7$~SHL$OSPACE$ROPI$EBA8$MICROLIB$REQ8$PRES8$EABIv2 0x00000000   Number         0  anon$$obj.o ABSOLUTE
    __ARM_use_no_argv                        0x00000000   Number         0  main.o ABSOLUTE
    _printf_a                                0x00000000   Number         0  stubs.o ABSOLUTE
    _printf_c                                0x00000000   Number         0  stubs.o ABSOLUTE
    _printf_charcount                        0x00000000   Number         0  stubs.o ABSOLUTE
    _printf_d                                0x00000000   Number         0  stubs.o ABSOLUTE
    _printf_e                                0x00000000   Number         0  stubs.o ABSOLUTE
    _printf_f                                0x00000000   Number         0  stubs.o ABSOLUTE
    _printf_flags                            0x00000000   Number         0  stubs.o ABSOLUTE
    _printf_fp_dec                           0x00000000   Number         0  stubs.o ABSOLUTE
    _printf_fp_hex                           0x00000000   Number         0  stubs.o ABSOLUTE
    _printf_g                                0x00000000   Number         0  stubs.o ABSOLUTE
    _printf_i                                0x00000000   Number         0  stubs.o ABSOLUTE
    _printf_int_dec                          0x00000000   Number         0  stubs.o ABSOLUTE
    _printf_l                                0x00000000   Number         0  stubs.o ABSOLUTE
    _printf_lc                               0x00000000   Number         0  stubs.o ABSOLUTE
    _printf_ll                               0x00000000   Number         0  stubs.o ABSOLUTE
    _printf_lld                              0x00000000   Number         0  stubs.o ABSOLUTE
    _printf_lli                              0x00000000   Number         0  stubs.o ABSOLUTE
    _printf_llo                              0x00000000   Number         0  stubs.o ABSOLUTE
    _printf_llu                              0x00000000   Number         0  stubs.o ABSOLUTE
    _printf_llx                              0x00000000   Number         0  stubs.o ABSOLUTE
    _printf_longlong_dec                     0x00000000   Number         0  stubs.o ABSOLUTE
    _printf_longlong_hex                     0x00000000   Number         0  stubs.o ABSOLUTE
    _printf_longlong_oct                     0x00000000   Number         0  stubs.o ABSOLUTE
    _printf_ls                               0x00000000   Number         0  stubs.o ABSOLUTE
    _printf_mbtowc                           0x00000000   Number         0  stubs.o ABSOLUTE
    _printf_n                                0x00000000   Number         0  stubs.o ABSOLUTE
    _printf_o                                0x00000000   Number         0  stubs.o ABSOLUTE
    _printf_p                                0x00000000   Number         0  stubs.o ABSOLUTE
    _printf_percent                          0x00000000   Number         0  stubs.o ABSOLUTE
    _printf_pre_padding                      0x00000000   Number         0  stubs.o ABSOLUTE
    _printf_return_value                     0x00000000   Number         0  stubs.o ABSOLUTE
    _printf_s                                0x00000000   Number         0  stubs.o ABSOLUTE
    _printf_sizespec                         0x00000000   Number         0  stubs.o ABSOLUTE
    _printf_str                              0x00000000   Number         0  stubs.o ABSOLUTE
    _printf_truncate_signed                  0x00000000   Number         0  stubs.o ABSOLUTE
    _printf_truncate_unsigned                0x00000000   Number         0  stubs.o ABSOLUTE
    _printf_u                                0x00000000   Number         0  stubs.o ABSOLUTE
    _printf_wc                               0x00000000   Number         0  stubs.o ABSOLUTE
    _printf_wctomb                           0x00000000   Number         0  stubs.o ABSOLUTE
    _printf_widthprec                        0x00000000   Number         0  stubs.o ABSOLUTE
    _printf_x                                0x00000000   Number         0  stubs.o ABSOLUTE
    __cpp_initialize__aeabi_                  - Undefined Weak Reference
    __cxa_finalize                            - Undefined Weak Reference
    __decompress                              - Undefined Weak Reference
    _clock_init                               - Undefined Weak Reference
    _microlib_exit                            - Undefined Weak Reference
    __Vectors_Size                           0x00000188   Number         0  startup_stm32f40_41xxx.o ABSOLUTE
    __Vectors                                0x08000000   Data           4  startup_stm32f40_41xxx.o(RESET)
    __Vectors_End                            0x08000188   Data           0  startup_stm32f40_41xxx.o(RESET)
    __main                                   0x08000189   Thumb Code     0  entry.o(.ARM.Collect$$$$00000000)
    _main_stk                                0x08000189   Thumb Code     0  entry2.o(.ARM.Collect$$$$00000001)
    _main_scatterload                        0x0800018d   Thumb Code     0  entry5.o(.ARM.Collect$$$$00000004)
    __main_after_scatterload                 0x08000191   Thumb Code     0  entry5.o(.ARM.Collect$$$$00000004)
    _main_clock                              0x08000191   Thumb Code     0  entry7b.o(.ARM.Collect$$$$00000008)
    _main_cpp_init                           0x08000191   Thumb Code     0  entry8b.o(.ARM.Collect$$$$0000000A)
    _main_init                               0x08000191   Thumb Code     0  entry9a.o(.ARM.Collect$$$$0000000B)
    __rt_final_cpp                           0x08000199   Thumb Code     0  entry10a.o(.ARM.Collect$$$$0000000D)
    __rt_final_exit                          0x08000199   Thumb Code     0  entry11a.o(.ARM.Collect$$$$0000000F)
    Reset_Handler                            0x0800019d   Thumb Code     8  startup_stm32f40_41xxx.o(.text)
    ADC_IRQHandler                           0x080001b7   Thumb Code     0  startup_stm32f40_41xxx.o(.text)
    CAN1_RX0_IRQHandler                      0x080001b7   Thumb Code     0  startup_stm32f40_41xxx.o(.text)
    CAN1_RX1_IRQHandler                      0x080001b7   Thumb Code     0  startup_stm32f40_41xxx.o(.text)
    CAN1_SCE_IRQHandler                      0x080001b7   Thumb Code     0  startup_stm32f40_41xxx.o(.text)
    CAN1_TX_IRQHandler                       0x080001b7   Thumb Code     0  startup_stm32f40_41xxx.o(.text)
    CAN2_RX0_IRQHandler                      0x080001b7   Thumb Code     0  startup_stm32f40_41xxx.o(.text)
    CAN2_RX1_IRQHandler                      0x080001b7   Thumb Code     0  startup_stm32f40_41xxx.o(.text)
    CAN2_SCE_IRQHandler                      0x080001b7   Thumb Code     0  startup_stm32f40_41xxx.o(.text)
    CAN2_TX_IRQHandler                       0x080001b7   Thumb Code     0  startup_stm32f40_41xxx.o(.text)
    CRYP_IRQHandler                          0x080001b7   Thumb Code     0  startup_stm32f40_41xxx.o(.text)
    DCMI_IRQHandler                          0x080001b7   Thumb Code     0  startup_stm32f40_41xxx.o(.text)
    DMA1_Stream0_IRQHandler                  0x080001b7   Thumb Code     0  startup_stm32f40_41xxx.o(.text)
    DMA1_Stream1_IRQHandler                  0x080001b7   Thumb Code     0  startup_stm32f40_41xxx.o(.text)
    DMA1_Stream2_IRQHandler                  0x080001b7   Thumb Code     0  startup_stm32f40_41xxx.o(.text)
    DMA1_Stream3_IRQHandler                  0x080001b7   Thumb Code     0  startup_stm32f40_41xxx.o(.text)
    DMA1_Stream4_IRQHandler                  0x080001b7   Thumb Code     0  startup_stm32f40_41xxx.o(.text)
    DMA1_Stream5_IRQHandler                  0x080001b7   Thumb Code     0  startup_stm32f40_41xxx.o(.text)
    DMA1_Stream6_IRQHandler                  0x080001b7   Thumb Code     0  startup_stm32f40_41xxx.o(.text)
    DMA1_Stream7_IRQHandler                  0x080001b7   Thumb Code     0  startup_stm32f40_41xxx.o(.text)
    DMA2_Stream0_IRQHandler                  0x080001b7   Thumb Code     0  startup_stm32f40_41xxx.o(.text)
    DMA2_Stream1_IRQHandler                  0x080001b7   Thumb Code     0  startup_stm32f40_41xxx.o(.text)
    DMA2_Stream2_IRQHandler                  0x080001b7   Thumb Code     0  startup_stm32f40_41xxx.o(.text)
    DMA2_Stream3_IRQHandler                  0x080001b7   Thumb Code     0  startup_stm32f40_41xxx.o(.text)
    DMA2_Stream4_IRQHandler                  0x080001b7   Thumb Code     0  startup_stm32f40_41xxx.o(.text)
    DMA2_Stream6_IRQHandler                  0x080001b7   Thumb Code     0  startup_stm32f40_41xxx.o(.text)
    DMA2_Stream7_IRQHandler                  0x080001b7   Thumb Code     0  startup_stm32f40_41xxx.o(.text)
    ETH_IRQHandler                           0x080001b7   Thumb Code     0  startup_stm32f40_41xxx.o(.text)
    ETH_WKUP_IRQHandler                      0x080001b7   Thumb Code     0  startup_stm32f40_41xxx.o(.text)
    EXTI0_IRQHandler                         0x080001b7   Thumb Code     0  startup_stm32f40_41xxx.o(.text)
    EXTI15_10_IRQHandler                     0x080001b7   Thumb Code     0  startup_stm32f40_41xxx.o(.text)
    EXTI1_IRQHandler                         0x080001b7   Thumb Code     0  startup_stm32f40_41xxx.o(.text)
    EXTI2_IRQHandler                         0x080001b7   Thumb Code     0  startup_stm32f40_41xxx.o(.text)
    EXTI3_IRQHandler                         0x080001b7   Thumb Code     0  startup_stm32f40_41xxx.o(.text)
    EXTI4_IRQHandler                         0x080001b7   Thumb Code     0  startup_stm32f40_41xxx.o(.text)
    EXTI9_5_IRQHandler                       0x080001b7   Thumb Code     0  startup_stm32f40_41xxx.o(.text)
    FLASH_IRQHandler                         0x080001b7   Thumb Code     0  startup_stm32f40_41xxx.o(.text)
    FPU_IRQHandler                           0x080001b7   Thumb Code     0  startup_stm32f40_41xxx.o(.text)
    FSMC_IRQHandler                          0x080001b7   Thumb Code     0  startup_stm32f40_41xxx.o(.text)
    HASH_RNG_IRQHandler                      0x080001b7   Thumb Code     0  startup_stm32f40_41xxx.o(.text)
    I2C1_ER_IRQHandler                       0x080001b7   Thumb Code     0  startup_stm32f40_41xxx.o(.text)
    I2C1_EV_IRQHandler                       0x080001b7   Thumb Code     0  startup_stm32f40_41xxx.o(.text)
    I2C2_ER_IRQHandler                       0x080001b7   Thumb Code     0  startup_stm32f40_41xxx.o(.text)
    I2C2_EV_IRQHandler                       0x080001b7   Thumb Code     0  startup_stm32f40_41xxx.o(.text)
    I2C3_ER_IRQHandler                       0x080001b7   Thumb Code     0  startup_stm32f40_41xxx.o(.text)
    I2C3_EV_IRQHandler                       0x080001b7   Thumb Code     0  startup_stm32f40_41xxx.o(.text)
    OTG_FS_IRQHandler                        0x080001b7   Thumb Code     0  startup_stm32f40_41xxx.o(.text)
    OTG_FS_WKUP_IRQHandler                   0x080001b7   Thumb Code     0  startup_stm32f40_41xxx.o(.text)
    OTG_HS_EP1_IN_IRQHandler                 0x080001b7   Thumb Code     0  startup_stm32f40_41xxx.o(.text)
    OTG_HS_EP1_OUT_IRQHandler                0x080001b7   Thumb Code     0  startup_stm32f40_41xxx.o(.text)
    OTG_HS_IRQHandler                        0x080001b7   Thumb Code     0  startup_stm32f40_41xxx.o(.text)
    OTG_HS_WKUP_IRQHandler                   0x080001b7   Thumb Code     0  startup_stm32f40_41xxx.o(.text)
    PVD_IRQHandler                           0x080001b7   Thumb Code     0  startup_stm32f40_41xxx.o(.text)
    RCC_IRQHandler                           0x080001b7   Thumb Code     0  startup_stm32f40_41xxx.o(.text)
    RTC_WKUP_IRQHandler                      0x080001b7   Thumb Code     0  startup_stm32f40_41xxx.o(.text)
    SDIO_IRQHandler                          0x080001b7   Thumb Code     0  startup_stm32f40_41xxx.o(.text)
    SPI1_IRQHandler                          0x080001b7   Thumb Code     0  startup_stm32f40_41xxx.o(.text)
    SPI2_IRQHandler                          0x080001b7   Thumb Code     0  startup_stm32f40_41xxx.o(.text)
    SPI3_IRQHandler                          0x080001b7   Thumb Code     0  startup_stm32f40_41xxx.o(.text)
    TAMP_STAMP_IRQHandler                    0x080001b7   Thumb Code     0  startup_stm32f40_41xxx.o(.text)
    TIM1_CC_IRQHandler                       0x080001b7   Thumb Code     0  startup_stm32f40_41xxx.o(.text)
    TIM1_TRG_COM_TIM11_IRQHandler            0x080001b7   Thumb Code     0  startup_stm32f40_41xxx.o(.text)
    TIM1_UP_TIM10_IRQHandler                 0x080001b7   Thumb Code     0  startup_stm32f40_41xxx.o(.text)
    TIM2_IRQHandler                          0x080001b7   Thumb Code     0  startup_stm32f40_41xxx.o(.text)
    TIM3_IRQHandler                          0x080001b7   Thumb Code     0  startup_stm32f40_41xxx.o(.text)
    TIM4_IRQHandler                          0x080001b7   Thumb Code     0  startup_stm32f40_41xxx.o(.text)
    TIM5_IRQHandler                          0x080001b7   Thumb Code     0  startup_stm32f40_41xxx.o(.text)
    TIM6_DAC_IRQHandler                      0x080001b7   Thumb Code     0  startup_stm32f40_41xxx.o(.text)
    TIM7_IRQHandler                          0x080001b7   Thumb Code     0  startup_stm32f40_41xxx.o(.text)
    TIM8_BRK_TIM12_IRQHandler                0x080001b7   Thumb Code     0  startup_stm32f40_41xxx.o(.text)
    TIM8_CC_IRQHandler                       0x080001b7   Thumb Code     0  startup_stm32f40_41xxx.o(.text)
    TIM8_TRG_COM_TIM14_IRQHandler            0x080001b7   Thumb Code     0  startup_stm32f40_41xxx.o(.text)
    TIM8_UP_TIM13_IRQHandler                 0x080001b7   Thumb Code     0  startup_stm32f40_41xxx.o(.text)
    UART4_IRQHandler                         0x080001b7   Thumb Code     0  startup_stm32f40_41xxx.o(.text)
    UART5_IRQHandler                         0x080001b7   Thumb Code     0  startup_stm32f40_41xxx.o(.text)
    USART1_IRQHandler                        0x080001b7   Thumb Code     0  startup_stm32f40_41xxx.o(.text)
    USART3_IRQHandler                        0x080001b7   Thumb Code     0  startup_stm32f40_41xxx.o(.text)
    WWDG_IRQHandler                          0x080001b7   Thumb Code     0  startup_stm32f40_41xxx.o(.text)
    __aeabi_memcpy                           0x080001c1   Thumb Code    36  memcpya.o(.text)
    __aeabi_memcpy4                          0x080001c1   Thumb Code     0  memcpya.o(.text)
    __aeabi_memcpy8                          0x080001c1   Thumb Code     0  memcpya.o(.text)
    __aeabi_memset                           0x080001e5   Thumb Code    14  memseta.o(.text)
    __aeabi_memset4                          0x080001e5   Thumb Code     0  memseta.o(.text)
    __aeabi_memset8                          0x080001e5   Thumb Code     0  memseta.o(.text)
    __aeabi_memclr                           0x080001f3   Thumb Code     4  memseta.o(.text)
    __aeabi_memclr4                          0x080001f3   Thumb Code     0  memseta.o(.text)
    __aeabi_memclr8                          0x080001f3   Thumb Code     0  memseta.o(.text)
    _memset$wrapper                          0x080001f7   Thumb Code    18  memseta.o(.text)
    strcat                                   0x08000209   Thumb Code    24  strcat.o(.text)
    strstr                                   0x08000221   Thumb Code    36  strstr.o(.text)
    strlen                                   0x08000245   Thumb Code    14  strlen.o(.text)
    strcmp                                   0x08000253   Thumb Code    28  strcmp.o(.text)
    __aeabi_uldivmod                         0x0800026f   Thumb Code    98  uldiv.o(.text)
    __scatterload                            0x080002d1   Thumb Code    28  init.o(.text)
    __scatterload_rt2                        0x080002d1   Thumb Code     0  init.o(.text)
    __aeabi_llsl                             0x080002f5   Thumb Code    30  llshl.o(.text)
    _ll_shift_l                              0x080002f5   Thumb Code     0  llshl.o(.text)
    __aeabi_llsr                             0x08000313   Thumb Code    32  llushr.o(.text)
    _ll_ushift_r                             0x08000313   Thumb Code     0  llushr.o(.text)
    AT24C04_Config                           0x08000335   Thumb Code    64  at24c04.o(i.AT24C04_Config)
    ATIIC_Rev_Ack                            0x0800037d   Thumb Code    52  atiic.o(i.ATIIC_Rev_Ack)
    ATIIC_Rev_Data                           0x080003bd   Thumb Code    76  atiic.o(i.ATIIC_Rev_Data)
    ATIIC_Send_Ack                           0x08000415   Thumb Code    54  atiic.o(i.ATIIC_Send_Ack)
    ATIIC_Send_Data                          0x08000455   Thumb Code    80  atiic.o(i.ATIIC_Send_Data)
    ATIIC_Start                              0x080004ad   Thumb Code    56  atiic.o(i.ATIIC_Start)
    ATIIC_Stop                               0x080004ed   Thumb Code    56  atiic.o(i.ATIIC_Stop)
    AT_Cross_Write                           0x0800052d   Thumb Code    92  at24c04.o(i.AT_Cross_Write)
    AT_Page_Write                            0x08000589   Thumb Code    98  at24c04.o(i.AT_Page_Write)
    AT_Random_Read                           0x08000611   Thumb Code   114  at24c04.o(i.AT_Random_Read)
    BS8116_Config                            0x080006a9   Thumb Code    86  bs8116.o(i.BS8116_Config)
    BSIIC_Rev_Ack                            0x08000709   Thumb Code    52  bsiic.o(i.BSIIC_Rev_Ack)
    BSIIC_Rev_Data                           0x08000745   Thumb Code    78  bsiic.o(i.BSIIC_Rev_Data)
    BSIIC_Send_Ack                           0x0800079d   Thumb Code    58  bsiic.o(i.BSIIC_Send_Ack)
    BSIIC_Send_Data                          0x080007dd   Thumb Code    84  bsiic.o(i.BSIIC_Send_Data)
    BSIIC_Start                              0x08000835   Thumb Code    56  bsiic.o(i.BSIIC_Start)
    BSIIC_Stop                               0x08000875   Thumb Code    56  bsiic.o(i.BSIIC_Stop)
    BS_Change_Password                       0x080008b5   Thumb Code   472  bs8116.o(i.BS_Change_Password)
    BS_Open_Lock                             0x08000b41   Thumb Code   376  bs8116.o(i.BS_Open_Lock)
    BusFault_Handler                         0x08000d47   Thumb Code     4  stm32f4xx_it.o(i.BusFault_Handler)
    CalulateCRC                              0x08000d4b   Thumb Code   108  rfid.o(i.CalulateCRC)
    CaptureAndExtract                        0x08000db9   Thumb Code   164  mg200.o(i.CaptureAndExtract)
    ClearBitMask                             0x08001025   Thumb Code    28  rfid.o(i.ClearBitMask)
    Close_Door                               0x08001041   Thumb Code    12  motor.o(i.Close_Door)
    DMA2_Stream5_IRQHandler                  0x080012dd   Thumb Code    24  font.o(i.DMA2_Stream5_IRQHandler)
    DMA_ClearITPendingBit                    0x08001301   Thumb Code    38  stm32f4xx_dma.o(i.DMA_ClearITPendingBit)
    DebugMon_Handler                         0x08001335   Thumb Code     2  stm32f4xx_it.o(i.DebugMon_Handler)
    Delay_Ms                                 0x08001337   Thumb Code    24  delay.o(i.Delay_Ms)
    Delay_Us                                 0x0800134f   Thumb Code   180  delay.o(i.Delay_Us)
    ESP32_Close_Lock                         0x0800141d   Thumb Code    58  esp32.o(i.ESP32_Close_Lock)
    ESP32_Open_Lock                          0x08001479   Thumb Code   138  esp32.o(i.ESP32_Open_Lock)
    ESP32_Publish                            0x0800157d   Thumb Code    28  esp32.o(i.ESP32_Publish)
    ESP32_Subscription                       0x080015e1   Thumb Code   108  esp32.o(i.ESP32_Subscription)
    EXTI_ClearITPendingBit                   0x0800176d   Thumb Code     6  stm32f4xx_exti.o(i.EXTI_ClearITPendingBit)
    Enroll                                   0x08001779   Thumb Code   766  mg200.o(i.Enroll)
    EraseAll                                 0x08001bfd   Thumb Code   246  mg200.o(i.EraseAll)
    Esp_Connect_AP                           0x08001d8d   Thumb Code    86  esp32.o(i.Esp_Connect_AP)
    Esp_Connect_Tcp                          0x08001e15   Thumb Code   126  esp32.o(i.Esp_Connect_Tcp)
    Esp_Exit                                 0x08001f3d   Thumb Code    24  esp32.o(i.Esp_Exit)
    Esp_Init                                 0x08001f69   Thumb Code    64  esp32.o(i.Esp_Init)
    Esp_RESTORE                              0x08001fe5   Thumb Code    36  esp32.o(i.Esp_RESTORE)
    Esp_Send_And_Ack                         0x08002049   Thumb Code    80  esp32.o(i.Esp_Send_And_Ack)
    GPIO_Init                                0x0800209d   Thumb Code   144  stm32f4xx_gpio.o(i.GPIO_Init)
    GPIO_PinAFConfig                         0x0800212d   Thumb Code    70  stm32f4xx_gpio.o(i.GPIO_PinAFConfig)
    GPIO_ReadInputDataBit                    0x08002173   Thumb Code    18  stm32f4xx_gpio.o(i.GPIO_ReadInputDataBit)
    GPIO_ResetBits                           0x08002185   Thumb Code     4  stm32f4xx_gpio.o(i.GPIO_ResetBits)
    GPIO_SetBits                             0x08002189   Thumb Code     4  stm32f4xx_gpio.o(i.GPIO_SetBits)
    GPIO_ToggleBits                          0x0800218d   Thumb Code     8  stm32f4xx_gpio.o(i.GPIO_ToggleBits)
    Get_BsKey_Value                          0x08002195   Thumb Code   228  bs8116.o(i.Get_BsKey_Value)
    HardFault_Handler                        0x0800229d   Thumb Code     4  stm32f4xx_it.o(i.HardFault_Handler)
    LCDFONT_Display_ASCII                    0x080022b5   Thumb Code   240  lcd.o(i.LCDFONT_Display_ASCII)
    LCDFONT_Display_Font                     0x080023ad   Thumb Code   220  lcd.o(i.LCDFONT_Display_Font)
    LCDFONT_Display_Str                      0x08002491   Thumb Code    90  lcd.o(i.LCDFONT_Display_Str)
    LCD_Clear                                0x080024eb   Thumb Code    66  lcd.o(i.LCD_Clear)
    LCD_Dis_GUI                              0x0800252d   Thumb Code   124  lcd.o(i.LCD_Dis_GUI)
    LCD_Dis_RTC                              0x080025f9   Thumb Code   266  lcd.o(i.LCD_Dis_RTC)
    LCD_Display_Point                        0x08002799   Thumb Code    28  lcd.o(i.LCD_Display_Point)
    LCD_Init                                 0x080027b5   Thumb Code   446  lcd.o(i.LCD_Init)
    LCD_Pin_Config                           0x0800298d   Thumb Code    60  lcd.o(i.LCD_Pin_Config)
    LCD_Set_Positon                          0x080029d5   Thumb Code    54  lcd.o(i.LCD_Set_Positon)
    Led_Config                               0x08002a0d   Thumb Code    68  led.o(i.Led_Config)
    M500PcdConfigISOType                     0x08002a55   Thumb Code    92  rfid.o(i.M500PcdConfigISOType)
    MG200_Config                             0x08002ab1   Thumb Code    52  mg200.o(i.MG200_Config)
    MG200_Init                               0x08002ae9   Thumb Code    16  mg200.o(i.MG200_Init)
    MG_Del_By_Id                             0x08002af9   Thumb Code   376  mg200.o(i.MG_Del_By_Id)
    MG_Delect_All                            0x08002d49   Thumb Code    74  mg200.o(i.MG_Delect_All)
    MG_Enroll                                0x08002da9   Thumb Code    70  mg200.o(i.MG_Enroll)
    MG_Open_lock                             0x08002e01   Thumb Code    66  mg200.o(i.MG_Open_lock)
    MG_Rev_Pack                              0x08002e69   Thumb Code   156  mg200.o(i.MG_Rev_Pack)
    MG_Send_Pack                             0x08002f15   Thumb Code    60  mg200.o(i.MG_Send_Pack)
    Match1N                                  0x08002f51   Thumb Code   390  mg200.o(i.Match1N)
    MemManage_Handler                        0x08003171   Thumb Code     4  stm32f4xx_it.o(i.MemManage_Handler)
    Motor_Config                             0x08003175   Thumb Code    50  motor.o(i.Motor_Config)
    Motor_State                              0x080031ad   Thumb Code    68  motor.o(i.Motor_State)
    NMI_Handler                              0x080031f9   Thumb Code     2  stm32f4xx_it.o(i.NMI_Handler)
    NVIC_Init                                0x080031fd   Thumb Code   106  misc.o(i.NVIC_Init)
    NVIC_PriorityGroupConfig                 0x08003275   Thumb Code    10  misc.o(i.NVIC_PriorityGroupConfig)
    Open_Door                                0x08003289   Thumb Code    12  motor.o(i.Open_Door)
    PWR_BackupAccessCmd                      0x08003295   Thumb Code     6  stm32f4xx_pwr.o(i.PWR_BackupAccessCmd)
    PcdAntennaOff                            0x080032a1   Thumb Code    12  rfid.o(i.PcdAntennaOff)
    PcdAntennaOn                             0x080032ad   Thumb Code    26  rfid.o(i.PcdAntennaOn)
    PcdAnticoll                              0x080032c7   Thumb Code   112  rfid.o(i.PcdAnticoll)
    PcdComMF522                              0x08003337   Thumb Code   318  rfid.o(i.PcdComMF522)
    PcdRequest                               0x08003475   Thumb Code    86  rfid.o(i.PcdRequest)
    PcdReset                                 0x080034cd   Thumb Code   118  rfid.o(i.PcdReset)
    PcdSelect                                0x08003549   Thumb Code   116  rfid.o(i.PcdSelect)
    PendSV_Handler                           0x080035bd   Thumb Code     2  stm32f4xx_it.o(i.PendSV_Handler)
    RCC_AHB1PeriphClockCmd                   0x080036fd   Thumb Code    26  stm32f4xx_rcc.o(i.RCC_AHB1PeriphClockCmd)
    RCC_APB1PeriphClockCmd                   0x0800371d   Thumb Code    26  stm32f4xx_rcc.o(i.RCC_APB1PeriphClockCmd)
    RCC_APB2PeriphClockCmd                   0x0800373d   Thumb Code    26  stm32f4xx_rcc.o(i.RCC_APB2PeriphClockCmd)
    RCC_GetClocksFreq                        0x0800375d   Thumb Code   214  stm32f4xx_rcc.o(i.RCC_GetClocksFreq)
    RCC_LSICmd                               0x08003845   Thumb Code     6  stm32f4xx_rcc.o(i.RCC_LSICmd)
    RCC_RTCCLKCmd                            0x08003851   Thumb Code     6  stm32f4xx_rcc.o(i.RCC_RTCCLKCmd)
    RCC_RTCCLKConfig                         0x0800385d   Thumb Code    50  stm32f4xx_rcc.o(i.RCC_RTCCLKConfig)
    RFID_Init                                0x08003899   Thumb Code    18  rfid.o(i.RFID_Init)
    RFID_Open_lock                           0x080038ad   Thumb Code   348  rfid.o(i.RFID_Open_lock)
    RTC_Alarm_IRQHandler                     0x08003a6d   Thumb Code    56  rtc.o(i.RTC_Alarm_IRQHandler)
    RTC_ClearITPendingBit                    0x08003ae5   Thumb Code    28  stm32f4xx_rtc.o(i.RTC_ClearITPendingBit)
    RTC_Clender_Config                       0x08003b05   Thumb Code   100  rtc.o(i.RTC_Clender_Config)
    RTC_EnterInitMode                        0x08003b69   Thumb Code    76  stm32f4xx_rtc.o(i.RTC_EnterInitMode)
    RTC_ExitInitMode                         0x08003bb9   Thumb Code    14  stm32f4xx_rtc.o(i.RTC_ExitInitMode)
    RTC_GetDate                              0x08003bcd   Thumb Code    68  stm32f4xx_rtc.o(i.RTC_GetDate)
    RTC_GetITStatus                          0x08003c19   Thumb Code    58  stm32f4xx_rtc.o(i.RTC_GetITStatus)
    RTC_GetTime                              0x08003c59   Thumb Code    72  stm32f4xx_rtc.o(i.RTC_GetTime)
    RTC_Init                                 0x08003ca9   Thumb Code    94  stm32f4xx_rtc.o(i.RTC_Init)
    RTC_SetDate                              0x08003d0d   Thumb Code   190  stm32f4xx_rtc.o(i.RTC_SetDate)
    RTC_SetTime                              0x08003dd5   Thumb Code   198  stm32f4xx_rtc.o(i.RTC_SetTime)
    RTC_WaitForSynchro                       0x08003ea5   Thumb Code    92  stm32f4xx_rtc.o(i.RTC_WaitForSynchro)
    RTC_WriteProtectionCmd                   0x08003f05   Thumb Code    22  stm32f4xx_rtc.o(i.RTC_WriteProtectionCmd)
    ReadRawRC                                0x08003f21   Thumb Code    54  rfid.o(i.ReadRawRC)
    Reset_RC522                              0x08003f5d   Thumb Code    16  rfid.o(i.Reset_RC522)
    SPI1_Config                              0x08003f6d   Thumb Code   130  spi.o(i.SPI1_Config)
    SPI1_Echo                                0x08003ff9   Thumb Code    42  spi.o(i.SPI1_Echo)
    SPI3TransferByte                         0x08004029   Thumb Code   102  rfid.o(i.SPI3TransferByte)
    SPI_Send_Data                            0x08004095   Thumb Code    60  lcd.o(i.SPI_Send_Data)
    SVC_Handler                              0x080040d5   Thumb Code     2  stm32f4xx_it.o(i.SVC_Handler)
    Send_Cmd_LCD                             0x08004105   Thumb Code    30  lcd.o(i.Send_Cmd_LCD)
    Send_Data_16b_LCD                        0x0800412d   Thumb Code    38  lcd.o(i.Send_Data_16b_LCD)
    Send_Data_LCD                            0x0800415d   Thumb Code    32  lcd.o(i.Send_Data_LCD)
    SetBitMask                               0x0800419d   Thumb Code    28  rfid.o(i.SetBitMask)
    Set_RTC_Date                             0x080042a1   Thumb Code    36  rtc.o(i.Set_RTC_Date)
    Set_RTC_Time                             0x080042c5   Thumb Code    36  rtc.o(i.Set_RTC_Time)
    Spi3_Init                                0x080042e9   Thumb Code   106  rfid.o(i.Spi3_Init)
    SysTick_Handler                          0x080044e1   Thumb Code     2  stm32f4xx_it.o(i.SysTick_Handler)
    SystemInit                               0x080044e5   Thumb Code    88  system_stm32f4xx.o(i.SystemInit)
    TIM1_BRK_TIM9_IRQHandler                 0x0800454d   Thumb Code    88  timer.o(i.TIM1_BRK_TIM9_IRQHandler)
    TIM5_Delay_Ms                            0x080045b9   Thumb Code    98  timer.o(i.TIM5_Delay_Ms)
    TIM5_Delay_Us                            0x08004621   Thumb Code    82  timer.o(i.TIM5_Delay_Us)
    TIM_ClearFlag                            0x08004679   Thumb Code     6  stm32f4xx_tim.o(i.TIM_ClearFlag)
    TIM_ClearITPendingBit                    0x0800467f   Thumb Code     6  stm32f4xx_tim.o(i.TIM_ClearITPendingBit)
    TIM_Cmd                                  0x08004685   Thumb Code    24  stm32f4xx_tim.o(i.TIM_Cmd)
    TIM_GetFlagStatus                        0x0800469d   Thumb Code    18  stm32f4xx_tim.o(i.TIM_GetFlagStatus)
    TIM_GetITStatus                          0x080046af   Thumb Code    34  stm32f4xx_tim.o(i.TIM_GetITStatus)
    TIM_TimeBaseInit                         0x080046d1   Thumb Code   104  stm32f4xx_tim.o(i.TIM_TimeBaseInit)
    USART2_IRQHandler                        0x08004755   Thumb Code   122  esp32.o(i.USART2_IRQHandler)
    USART6_IRQHandler                        0x080047d9   Thumb Code    84  mg200.o(i.USART6_IRQHandler)
    USART_Cmd                                0x0800483d   Thumb Code    24  stm32f4xx_usart.o(i.USART_Cmd)
    USART_GetFlagStatus                      0x08004855   Thumb Code    26  stm32f4xx_usart.o(i.USART_GetFlagStatus)
    USART_GetITStatus                        0x0800486f   Thumb Code    84  stm32f4xx_usart.o(i.USART_GetITStatus)
    USART_ITConfig                           0x080048c3   Thumb Code    74  stm32f4xx_usart.o(i.USART_ITConfig)
    USART_Init                               0x0800490d   Thumb Code   204  stm32f4xx_usart.o(i.USART_Init)
    USART_ReceiveData                        0x080049e1   Thumb Code    10  stm32f4xx_usart.o(i.USART_ReceiveData)
    USART_SendData                           0x080049eb   Thumb Code     8  stm32f4xx_usart.o(i.USART_SendData)
    UsageFault_Handler                       0x080049f3   Thumb Code     4  stm32f4xx_it.o(i.UsageFault_Handler)
    Usart6_Config                            0x080049f9   Thumb Code   182  mg200.o(i.Usart6_Config)
    Usart6_Send_Byte                         0x08004ab9   Thumb Code    28  mg200.o(i.Usart6_Send_Byte)
    Usart_Config                             0x08004ad9   Thumb Code   130  usart.o(i.Usart_Config)
    VOICE_Set_Volume                         0x08004b65   Thumb Code   274  voice.o(i.VOICE_Set_Volume)
    Voice_Config                             0x08004cd1   Thumb Code    54  voice.o(i.Voice_Config)
    Voice_Data                               0x08004d11   Thumb Code    72  voice.o(i.Voice_Data)
    Voice_Start                              0x08004d61   Thumb Code    30  voice.o(i.Voice_Start)
    Voice_Work                               0x08004d89   Thumb Code    62  voice.o(i.Voice_Work)
    W25_Read_Data                            0x08004dcd   Thumb Code    70  w25q64.o(i.W25_Read_Data)
    WriteRawRC                               0x08004e19   Thumb Code    46  rfid.o(i.WriteRawRC)
    __0printf$8                              0x08004e4d   Thumb Code    22  printf8.o(i.__0printf$8)
    __1printf$8                              0x08004e4d   Thumb Code     0  printf8.o(i.__0printf$8)
    __2printf                                0x08004e4d   Thumb Code     0  printf8.o(i.__0printf$8)
    __0sprintf$8                             0x08004e6d   Thumb Code    34  printf8.o(i.__0sprintf$8)
    __1sprintf$8                             0x08004e6d   Thumb Code     0  printf8.o(i.__0sprintf$8)
    __2sprintf                               0x08004e6d   Thumb Code     0  printf8.o(i.__0sprintf$8)
    __scatterload_copy                       0x08004e95   Thumb Code    14  handlers.o(i.__scatterload_copy)
    __scatterload_null                       0x08004ea3   Thumb Code     2  handlers.o(i.__scatterload_null)
    __scatterload_zeroinit                   0x08004ea5   Thumb Code    14  handlers.o(i.__scatterload_zeroinit)
    fputc                                    0x08005321   Thumb Code    20  usart.o(i.fputc)
    main                                     0x08005339   Thumb Code   408  main.o(i.main)
    usart2_config                            0x0800551d   Thumb Code   200  esp32.o(i.usart2_config)
    usart2_send_str                          0x080055ed   Thumb Code    34  esp32.o(i.usart2_send_str)
    parket_connetAck                         0x08005678   Data           4  mqtt.o(.constdata)
    parket_disconnet                         0x0800567c   Data           2  mqtt.o(.constdata)
    parket_subAck                            0x0800567e   Data           2  mqtt.o(.constdata)
    parket_heart                             0x08005680   Data           2  mqtt.o(.constdata)
    parket_heart_reply                       0x08005682   Data           2  mqtt.o(.constdata)
    Region$$Table$$Base                      0x08005754   Number         0  anon$$obj.o(Region$$Table)
    Region$$Table$$Limit                     0x08005774   Number         0  anon$$obj.o(Region$$Table)
    send_buf                                 0x20000000   Data          15  main.o(.data)
    card_id                                  0x2000000f   Data           4  main.o(.data)
    CT                                       0x20000013   Data           2  main.o(.data)
    key_v                                    0x20000015   Data           1  main.o(.data)
    errorCode                                0x20000016   Data           1  main.o(.data)
    RTC_Time                                 0x20000017   Data           4  main.o(.data)
    RTC_Date                                 0x2000001b   Data           4  main.o(.data)
    password_flag                            0x2000001f   Data           1  main.o(.data)
    volume                                   0x20000020   Data           1  main.o(.data)
    lcd_flag                                 0x20000021   Data           1  main.o(.data)
    gif_flag                                 0x20000022   Data           1  main.o(.data)
    wait_flag1                               0x20000024   Data           1  timer.o(.data)
    wait_flag2                               0x20000025   Data           1  timer.o(.data)
    count                                    0x20000028   Data           4  timer.o(.data)
    cnt                                      0x2000002c   Data           2  timer.o(.data)
    page_flag                                0x2000002e   Data           1  bs8116.o(.data)
    mg_flag                                  0x2000002f   Data           1  mg200.o(.data)
    _mqtt                                    0x20000034   Data          44  mqtt.o(.data)
    __stdout                                 0x20000074   Data           4  stdout.o(.data)
    string                                   0x20000078   Data         520  main.o(.bss)
    rev_buf                                  0x20000280   Data          15  main.o(.bss)
    key_buf                                  0x2000028f   Data          15  main.o(.bss)
    display_buf                              0x2000029e   Data         100  main.o(.bss)
    passward                                 0x20000302   Data          15  main.o(.bss)
    passward1                                0x20000311   Data          15  main.o(.bss)
    mg_rec_Buf                               0x20000320   Data          10  mg200.o(.bss)
    rev                                      0x2000032c   Data        8200  font.o(.bss)
    esp32rec                                 0x20002334   Data        1028  esp32.o(.bss)
    txbuf                                    0x20002738   Data         256  mqtt.o(.bss)
    rxbuf                                    0x20002838   Data         256  mqtt.o(.bss)
    __initial_sp                             0x20002d38   Data           0  startup_stm32f40_41xxx.o(STACK)



==============================================================================

Memory Map of the image

  Image Entry point : 0x08000189

  Load Region LR_IROM1 (Base: 0x08000000, Size: 0x000057ec, Max: 0x00080000, ABSOLUTE)

    Execution Region ER_IROM1 (Exec base: 0x08000000, Load base: 0x08000000, Size: 0x00005774, Max: 0x00080000, ABSOLUTE)

    Exec Addr    Load Addr    Size         Type   Attr      Idx    E Section Name        Object

    0x08000000   0x08000000   0x00000188   Data   RO            3    RESET               startup_stm32f40_41xxx.o
    0x08000188   0x08000188   0x00000000   Code   RO         6433  * .ARM.Collect$$$$00000000  mc_w.l(entry.o)
    0x08000188   0x08000188   0x00000004   Code   RO         6711    .ARM.Collect$$$$00000001  mc_w.l(entry2.o)
    0x0800018c   0x0800018c   0x00000004   Code   RO         6714    .ARM.Collect$$$$00000004  mc_w.l(entry5.o)
    0x08000190   0x08000190   0x00000000   Code   RO         6716    .ARM.Collect$$$$00000008  mc_w.l(entry7b.o)
    0x08000190   0x08000190   0x00000000   Code   RO         6718    .ARM.Collect$$$$0000000A  mc_w.l(entry8b.o)
    0x08000190   0x08000190   0x00000008   Code   RO         6719    .ARM.Collect$$$$0000000B  mc_w.l(entry9a.o)
    0x08000198   0x08000198   0x00000000   Code   RO         6721    .ARM.Collect$$$$0000000D  mc_w.l(entry10a.o)
    0x08000198   0x08000198   0x00000000   Code   RO         6723    .ARM.Collect$$$$0000000F  mc_w.l(entry11a.o)
    0x08000198   0x08000198   0x00000004   Code   RO         6712    .ARM.Collect$$$$00002712  mc_w.l(entry2.o)
    0x0800019c   0x0800019c   0x00000024   Code   RO            4    .text               startup_stm32f40_41xxx.o
    0x080001c0   0x080001c0   0x00000024   Code   RO         6436    .text               mc_w.l(memcpya.o)
    0x080001e4   0x080001e4   0x00000024   Code   RO         6438    .text               mc_w.l(memseta.o)
    0x08000208   0x08000208   0x00000018   Code   RO         6440    .text               mc_w.l(strcat.o)
    0x08000220   0x08000220   0x00000024   Code   RO         6442    .text               mc_w.l(strstr.o)
    0x08000244   0x08000244   0x0000000e   Code   RO         6444    .text               mc_w.l(strlen.o)
    0x08000252   0x08000252   0x0000001c   Code   RO         6446    .text               mc_w.l(strcmp.o)
    0x0800026e   0x0800026e   0x00000062   Code   RO         6728    .text               mc_w.l(uldiv.o)
    0x080002d0   0x080002d0   0x00000024   Code   RO         6741    .text               mc_w.l(init.o)
    0x080002f4   0x080002f4   0x0000001e   Code   RO         6743    .text               mc_w.l(llshl.o)
    0x08000312   0x08000312   0x00000020   Code   RO         6745    .text               mc_w.l(llushr.o)
    0x08000332   0x08000332   0x00000002   PAD
    0x08000334   0x08000334   0x00000048   Code   RO          835    i.AT24C04_Config    at24c04.o
    0x0800037c   0x0800037c   0x00000040   Code   RO          781    i.ATIIC_Rev_Ack     atiic.o
    0x080003bc   0x080003bc   0x00000058   Code   RO          782    i.ATIIC_Rev_Data    atiic.o
    0x08000414   0x08000414   0x00000040   Code   RO          783    i.ATIIC_Send_Ack    atiic.o
    0x08000454   0x08000454   0x00000058   Code   RO          784    i.ATIIC_Send_Data   atiic.o
    0x080004ac   0x080004ac   0x00000040   Code   RO          785    i.ATIIC_Start       atiic.o
    0x080004ec   0x080004ec   0x00000040   Code   RO          786    i.ATIIC_Stop        atiic.o
    0x0800052c   0x0800052c   0x0000005c   Code   RO          836    i.AT_Cross_Write    at24c04.o
    0x08000588   0x08000588   0x00000088   Code   RO          837    i.AT_Page_Write     at24c04.o
    0x08000610   0x08000610   0x00000098   Code   RO          838    i.AT_Random_Read    at24c04.o
    0x080006a8   0x080006a8   0x00000060   Code   RO          732    i.BS8116_Config     bs8116.o
    0x08000708   0x08000708   0x0000003c   Code   RO          678    i.BSIIC_Rev_Ack     bsiic.o
    0x08000744   0x08000744   0x00000058   Code   RO          679    i.BSIIC_Rev_Data    bsiic.o
    0x0800079c   0x0800079c   0x00000040   Code   RO          680    i.BSIIC_Send_Ack    bsiic.o
    0x080007dc   0x080007dc   0x00000058   Code   RO          681    i.BSIIC_Send_Data   bsiic.o
    0x08000834   0x08000834   0x00000040   Code   RO          682    i.BSIIC_Start       bsiic.o
    0x08000874   0x08000874   0x00000040   Code   RO          683    i.BSIIC_Stop        bsiic.o
    0x080008b4   0x080008b4   0x0000028c   Code   RO          733    i.BS_Change_Password  bs8116.o
    0x08000b40   0x08000b40   0x000001f8   Code   RO          734    i.BS_Open_Lock      bs8116.o
    0x08000d38   0x08000d38   0x00000006   Code   RO         1608    i.BYTE0             mqtt.o
    0x08000d3e   0x08000d3e   0x00000008   Code   RO         1609    i.BYTE1             mqtt.o
    0x08000d46   0x08000d46   0x00000004   Code   RO          215    i.BusFault_Handler  stm32f4xx_it.o
    0x08000d4a   0x08000d4a   0x0000006c   Code   RO          989    i.CalulateCRC       rfid.o
    0x08000db6   0x08000db6   0x00000002   PAD
    0x08000db8   0x08000db8   0x0000026c   Code   RO          877    i.CaptureAndExtract  mg200.o
    0x08001024   0x08001024   0x0000001c   Code   RO          990    i.ClearBitMask      rfid.o
    0x08001040   0x08001040   0x0000000c   Code   RO          528    i.Close_Door        motor.o
    0x0800104c   0x0800104c   0x00000290   Code   RO         1610    i.Connect           mqtt.o
    0x080012dc   0x080012dc   0x00000024   Code   RO         1447    i.DMA2_Stream5_IRQHandler  font.o
    0x08001300   0x08001300   0x00000034   Code   RO         2727    i.DMA_ClearITPendingBit  stm32f4xx_dma.o
    0x08001334   0x08001334   0x00000002   Code   RO          216    i.DebugMon_Handler  stm32f4xx_it.o
    0x08001336   0x08001336   0x00000018   Code   RO          395    i.Delay_Ms          delay.o
    0x0800134e   0x0800134e   0x000000b4   Code   RO          396    i.Delay_Us          delay.o
    0x08001402   0x08001402   0x00000002   PAD
    0x08001404   0x08001404   0x00000018   Code   RO         1611    i.Disconnect        mqtt.o
    0x0800141c   0x0800141c   0x0000005c   Code   RO         1489    i.ESP32_Close_Lock  esp32.o
    0x08001478   0x08001478   0x00000104   Code   RO         1490    i.ESP32_Open_Lock   esp32.o
    0x0800157c   0x0800157c   0x00000064   Code   RO         1491    i.ESP32_Publish     esp32.o
    0x080015e0   0x080015e0   0x0000018c   Code   RO         1492    i.ESP32_Subscription  esp32.o
    0x0800176c   0x0800176c   0x0000000c   Code   RO         2994    i.EXTI_ClearITPendingBit  stm32f4xx_exti.o
    0x08001778   0x08001778   0x00000484   Code   RO          878    i.Enroll            mg200.o
    0x08001bfc   0x08001bfc   0x00000190   Code   RO          879    i.EraseAll          mg200.o
    0x08001d8c   0x08001d8c   0x00000088   Code   RO         1493    i.Esp_Connect_AP    esp32.o
    0x08001e14   0x08001e14   0x00000128   Code   RO         1494    i.Esp_Connect_Tcp   esp32.o
    0x08001f3c   0x08001f3c   0x0000002c   Code   RO         1495    i.Esp_Exit          esp32.o
    0x08001f68   0x08001f68   0x0000007c   Code   RO         1496    i.Esp_Init          esp32.o
    0x08001fe4   0x08001fe4   0x00000064   Code   RO         1497    i.Esp_RESTORE       esp32.o
    0x08002048   0x08002048   0x00000054   Code   RO         1498    i.Esp_Send_And_Ack  esp32.o
    0x0800209c   0x0800209c   0x00000090   Code   RO         3351    i.GPIO_Init         stm32f4xx_gpio.o
    0x0800212c   0x0800212c   0x00000046   Code   RO         3352    i.GPIO_PinAFConfig  stm32f4xx_gpio.o
    0x08002172   0x08002172   0x00000012   Code   RO         3355    i.GPIO_ReadInputDataBit  stm32f4xx_gpio.o
    0x08002184   0x08002184   0x00000004   Code   RO         3358    i.GPIO_ResetBits    stm32f4xx_gpio.o
    0x08002188   0x08002188   0x00000004   Code   RO         3359    i.GPIO_SetBits      stm32f4xx_gpio.o
    0x0800218c   0x0800218c   0x00000008   Code   RO         3361    i.GPIO_ToggleBits   stm32f4xx_gpio.o
    0x08002194   0x08002194   0x00000108   Code   RO          735    i.Get_BsKey_Value   bs8116.o
    0x0800229c   0x0800229c   0x00000004   Code   RO          217    i.HardFault_Handler  stm32f4xx_it.o
    0x080022a0   0x080022a0   0x00000014   Code   RO         1612    i.Init              mqtt.o
    0x080022b4   0x080022b4   0x000000f8   Code   RO         1189    i.LCDFONT_Display_ASCII  lcd.o
    0x080023ac   0x080023ac   0x000000e4   Code   RO         1190    i.LCDFONT_Display_Font  lcd.o
    0x08002490   0x08002490   0x0000005a   Code   RO         1191    i.LCDFONT_Display_Str  lcd.o
    0x080024ea   0x080024ea   0x00000042   Code   RO         1192    i.LCD_Clear         lcd.o
    0x0800252c   0x0800252c   0x000000cc   Code   RO         1194    i.LCD_Dis_GUI       lcd.o
    0x080025f8   0x080025f8   0x000001a0   Code   RO         1195    i.LCD_Dis_RTC       lcd.o
    0x08002798   0x08002798   0x0000001c   Code   RO         1199    i.LCD_Display_Point  lcd.o
    0x080027b4   0x080027b4   0x000001d8   Code   RO         1200    i.LCD_Init          lcd.o
    0x0800298c   0x0800298c   0x00000048   Code   RO         1201    i.LCD_Pin_Config    lcd.o
    0x080029d4   0x080029d4   0x00000036   Code   RO         1202    i.LCD_Set_Positon   lcd.o
    0x08002a0a   0x08002a0a   0x00000002   PAD
    0x08002a0c   0x08002a0c   0x00000048   Code   RO          425    i.Led_Config        led.o
    0x08002a54   0x08002a54   0x0000005c   Code   RO          992    i.M500PcdConfigISOType  rfid.o
    0x08002ab0   0x08002ab0   0x00000038   Code   RO          880    i.MG200_Config      mg200.o
    0x08002ae8   0x08002ae8   0x00000010   Code   RO          881    i.MG200_Init        mg200.o
    0x08002af8   0x08002af8   0x00000250   Code   RO          882    i.MG_Del_By_Id      mg200.o
    0x08002d48   0x08002d48   0x00000060   Code   RO          883    i.MG_Delect_All     mg200.o
    0x08002da8   0x08002da8   0x00000058   Code   RO          884    i.MG_Enroll         mg200.o
    0x08002e00   0x08002e00   0x00000068   Code   RO          885    i.MG_Open_lock      mg200.o
    0x08002e68   0x08002e68   0x000000ac   Code   RO          886    i.MG_Rev_Pack       mg200.o
    0x08002f14   0x08002f14   0x0000003c   Code   RO          887    i.MG_Send_Pack      mg200.o
    0x08002f50   0x08002f50   0x00000220   Code   RO          888    i.Match1N           mg200.o
    0x08003170   0x08003170   0x00000004   Code   RO          218    i.MemManage_Handler  stm32f4xx_it.o
    0x08003174   0x08003174   0x00000038   Code   RO          529    i.Motor_Config      motor.o
    0x080031ac   0x080031ac   0x0000004c   Code   RO          531    i.Motor_State       motor.o
    0x080031f8   0x080031f8   0x00000002   Code   RO          219    i.NMI_Handler       stm32f4xx_it.o
    0x080031fa   0x080031fa   0x00000002   PAD
    0x080031fc   0x080031fc   0x00000078   Code   RO         1683    i.NVIC_Init         misc.o
    0x08003274   0x08003274   0x00000014   Code   RO         1684    i.NVIC_PriorityGroupConfig  misc.o
    0x08003288   0x08003288   0x0000000c   Code   RO          532    i.Open_Door         motor.o
    0x08003294   0x08003294   0x0000000c   Code   RO         4124    i.PWR_BackupAccessCmd  stm32f4xx_pwr.o
    0x080032a0   0x080032a0   0x0000000c   Code   RO          993    i.PcdAntennaOff     rfid.o
    0x080032ac   0x080032ac   0x0000001a   Code   RO          994    i.PcdAntennaOn      rfid.o
    0x080032c6   0x080032c6   0x00000070   Code   RO          995    i.PcdAnticoll       rfid.o
    0x08003336   0x08003336   0x0000013e   Code   RO          997    i.PcdComMF522       rfid.o
    0x08003474   0x08003474   0x00000056   Code   RO          999    i.PcdRequest        rfid.o
    0x080034ca   0x080034ca   0x00000002   PAD
    0x080034cc   0x080034cc   0x0000007c   Code   RO         1000    i.PcdReset          rfid.o
    0x08003548   0x08003548   0x00000074   Code   RO         1001    i.PcdSelect         rfid.o
    0x080035bc   0x080035bc   0x00000002   Code   RO          220    i.PendSV_Handler    stm32f4xx_it.o
    0x080035be   0x080035be   0x00000002   PAD
    0x080035c0   0x080035c0   0x0000013c   Code   RO         1613    i.PublishData       mqtt.o
    0x080036fc   0x080036fc   0x00000020   Code   RO         4250    i.RCC_AHB1PeriphClockCmd  stm32f4xx_rcc.o
    0x0800371c   0x0800371c   0x00000020   Code   RO         4259    i.RCC_APB1PeriphClockCmd  stm32f4xx_rcc.o
    0x0800373c   0x0800373c   0x00000020   Code   RO         4262    i.RCC_APB2PeriphClockCmd  stm32f4xx_rcc.o
    0x0800375c   0x0800375c   0x000000e8   Code   RO         4271    i.RCC_GetClocksFreq  stm32f4xx_rcc.o
    0x08003844   0x08003844   0x0000000c   Code   RO         4282    i.RCC_LSICmd        stm32f4xx_rcc.o
    0x08003850   0x08003850   0x0000000c   Code   RO         4294    i.RCC_RTCCLKCmd     stm32f4xx_rcc.o
    0x0800385c   0x0800385c   0x0000003c   Code   RO         4295    i.RCC_RTCCLKConfig  stm32f4xx_rcc.o
    0x08003898   0x08003898   0x00000012   Code   RO         1003    i.RFID_Init         rfid.o
    0x080038aa   0x080038aa   0x00000002   PAD
    0x080038ac   0x080038ac   0x000001c0   Code   RO         1004    i.RFID_Open_lock    rfid.o
    0x08003a6c   0x08003a6c   0x00000044   Code   RO          577    i.RTC_Alarm_IRQHandler  rtc.o
    0x08003ab0   0x08003ab0   0x00000016   Code   RO         4660    i.RTC_Bcd2ToByte    stm32f4xx_rtc.o
    0x08003ac6   0x08003ac6   0x0000001c   Code   RO         4662    i.RTC_ByteToBcd2    stm32f4xx_rtc.o
    0x08003ae2   0x08003ae2   0x00000002   PAD
    0x08003ae4   0x08003ae4   0x00000020   Code   RO         4666    i.RTC_ClearITPendingBit  stm32f4xx_rtc.o
    0x08003b04   0x08003b04   0x00000064   Code   RO          578    i.RTC_Clender_Config  rtc.o
    0x08003b68   0x08003b68   0x00000050   Code   RO         4672    i.RTC_EnterInitMode  stm32f4xx_rtc.o
    0x08003bb8   0x08003bb8   0x00000014   Code   RO         4673    i.RTC_ExitInitMode  stm32f4xx_rtc.o
    0x08003bcc   0x08003bcc   0x0000004c   Code   RO         4676    i.RTC_GetDate       stm32f4xx_rtc.o
    0x08003c18   0x08003c18   0x00000040   Code   RO         4678    i.RTC_GetITStatus   stm32f4xx_rtc.o
    0x08003c58   0x08003c58   0x00000050   Code   RO         4681    i.RTC_GetTime       stm32f4xx_rtc.o
    0x08003ca8   0x08003ca8   0x00000064   Code   RO         4686    i.RTC_Init          stm32f4xx_rtc.o
    0x08003d0c   0x08003d0c   0x000000c8   Code   RO         4692    i.RTC_SetDate       stm32f4xx_rtc.o
    0x08003dd4   0x08003dd4   0x000000d0   Code   RO         4693    i.RTC_SetTime       stm32f4xx_rtc.o
    0x08003ea4   0x08003ea4   0x00000060   Code   RO         4709    i.RTC_WaitForSynchro  stm32f4xx_rtc.o
    0x08003f04   0x08003f04   0x0000001c   Code   RO         4713    i.RTC_WriteProtectionCmd  stm32f4xx_rtc.o
    0x08003f20   0x08003f20   0x0000003c   Code   RO         1006    i.ReadRawRC         rfid.o
    0x08003f5c   0x08003f5c   0x00000010   Code   RO         1007    i.Reset_RC522       rfid.o
    0x08003f6c   0x08003f6c   0x0000008c   Code   RO         1315    i.SPI1_Config       spi.o
    0x08003ff8   0x08003ff8   0x00000030   Code   RO         1316    i.SPI1_Echo         spi.o
    0x08004028   0x08004028   0x0000006c   Code   RO         1008    i.SPI3TransferByte  rfid.o
    0x08004094   0x08004094   0x00000040   Code   RO         1203    i.SPI_Send_Data     lcd.o
    0x080040d4   0x080040d4   0x00000002   Code   RO          221    i.SVC_Handler       stm32f4xx_it.o
    0x080040d6   0x080040d6   0x00000002   PAD
    0x080040d8   0x080040d8   0x0000002c   Code   RO         1614    i.SendData          mqtt.o
    0x08004104   0x08004104   0x00000028   Code   RO         1204    i.Send_Cmd_LCD      lcd.o
    0x0800412c   0x0800412c   0x00000030   Code   RO         1205    i.Send_Data_16b_LCD  lcd.o
    0x0800415c   0x0800415c   0x00000028   Code   RO         1206    i.Send_Data_LCD     lcd.o
    0x08004184   0x08004184   0x00000018   Code   RO         1615    i.SentHeart         mqtt.o
    0x0800419c   0x0800419c   0x0000001c   Code   RO         1009    i.SetBitMask        rfid.o
    0x080041b8   0x080041b8   0x000000e8   Code   RO          318    i.SetSysClock       system_stm32f4xx.o
    0x080042a0   0x080042a0   0x00000024   Code   RO          579    i.Set_RTC_Date      rtc.o
    0x080042c4   0x080042c4   0x00000024   Code   RO          580    i.Set_RTC_Time      rtc.o
    0x080042e8   0x080042e8   0x00000078   Code   RO         1010    i.Spi3_Init         rfid.o
    0x08004360   0x08004360   0x00000180   Code   RO         1616    i.SubscribeTopic    mqtt.o
    0x080044e0   0x080044e0   0x00000002   Code   RO          222    i.SysTick_Handler   stm32f4xx_it.o
    0x080044e2   0x080044e2   0x00000002   PAD
    0x080044e4   0x080044e4   0x00000068   Code   RO          320    i.SystemInit        system_stm32f4xx.o
    0x0800454c   0x0800454c   0x0000006c   Code   RO          480    i.TIM1_BRK_TIM9_IRQHandler  timer.o
    0x080045b8   0x080045b8   0x00000068   Code   RO          481    i.TIM5_Delay_Ms     timer.o
    0x08004620   0x08004620   0x00000058   Code   RO          482    i.TIM5_Delay_Us     timer.o
    0x08004678   0x08004678   0x00000006   Code   RO         5622    i.TIM_ClearFlag     stm32f4xx_tim.o
    0x0800467e   0x0800467e   0x00000006   Code   RO         5623    i.TIM_ClearITPendingBit  stm32f4xx_tim.o
    0x08004684   0x08004684   0x00000018   Code   RO         5628    i.TIM_Cmd           stm32f4xx_tim.o
    0x0800469c   0x0800469c   0x00000012   Code   RO         5648    i.TIM_GetFlagStatus  stm32f4xx_tim.o
    0x080046ae   0x080046ae   0x00000022   Code   RO         5649    i.TIM_GetITStatus   stm32f4xx_tim.o
    0x080046d0   0x080046d0   0x00000084   Code   RO         5700    i.TIM_TimeBaseInit  stm32f4xx_tim.o
    0x08004754   0x08004754   0x00000084   Code   RO         1499    i.USART2_IRQHandler  esp32.o
    0x080047d8   0x080047d8   0x00000064   Code   RO          889    i.USART6_IRQHandler  mg200.o
    0x0800483c   0x0800483c   0x00000018   Code   RO         6182    i.USART_Cmd         stm32f4xx_usart.o
    0x08004854   0x08004854   0x0000001a   Code   RO         6185    i.USART_GetFlagStatus  stm32f4xx_usart.o
    0x0800486e   0x0800486e   0x00000054   Code   RO         6186    i.USART_GetITStatus  stm32f4xx_usart.o
    0x080048c2   0x080048c2   0x0000004a   Code   RO         6188    i.USART_ITConfig    stm32f4xx_usart.o
    0x0800490c   0x0800490c   0x000000d4   Code   RO         6189    i.USART_Init        stm32f4xx_usart.o
    0x080049e0   0x080049e0   0x0000000a   Code   RO         6196    i.USART_ReceiveData  stm32f4xx_usart.o
    0x080049ea   0x080049ea   0x00000008   Code   RO         6199    i.USART_SendData    stm32f4xx_usart.o
    0x080049f2   0x080049f2   0x00000004   Code   RO          223    i.UsageFault_Handler  stm32f4xx_it.o
    0x080049f6   0x080049f6   0x00000002   PAD
    0x080049f8   0x080049f8   0x000000c0   Code   RO          890    i.Usart6_Config     mg200.o
    0x08004ab8   0x08004ab8   0x00000020   Code   RO          891    i.Usart6_Send_Byte  mg200.o
    0x08004ad8   0x08004ad8   0x0000008c   Code   RO          359    i.Usart_Config      usart.o
    0x08004b64   0x08004b64   0x0000016c   Code   RO          630    i.VOICE_Set_Volume  voice.o
    0x08004cd0   0x08004cd0   0x00000040   Code   RO          631    i.Voice_Config      voice.o
    0x08004d10   0x08004d10   0x00000050   Code   RO          632    i.Voice_Data        voice.o
    0x08004d60   0x08004d60   0x00000028   Code   RO          633    i.Voice_Start       voice.o
    0x08004d88   0x08004d88   0x00000044   Code   RO          634    i.Voice_Work        voice.o
    0x08004dcc   0x08004dcc   0x0000004c   Code   RO         1351    i.W25_Read_Data     w25q64.o
    0x08004e18   0x08004e18   0x00000034   Code   RO         1012    i.WriteRawRC        rfid.o
    0x08004e4c   0x08004e4c   0x00000020   Code   RO         6657    i.__0printf$8       mc_w.l(printf8.o)
    0x08004e6c   0x08004e6c   0x00000028   Code   RO         6659    i.__0sprintf$8      mc_w.l(printf8.o)
    0x08004e94   0x08004e94   0x0000000e   Code   RO         6753    i.__scatterload_copy  mc_w.l(handlers.o)
    0x08004ea2   0x08004ea2   0x00000002   Code   RO         6754    i.__scatterload_null  mc_w.l(handlers.o)
    0x08004ea4   0x08004ea4   0x0000000e   Code   RO         6755    i.__scatterload_zeroinit  mc_w.l(handlers.o)
    0x08004eb2   0x08004eb2   0x00000002   PAD
    0x08004eb4   0x08004eb4   0x00000410   Code   RO         6664    i._printf_core      mc_w.l(printf8.o)
    0x080052c4   0x080052c4   0x00000024   Code   RO         6665    i._printf_post_padding  mc_w.l(printf8.o)
    0x080052e8   0x080052e8   0x0000002e   Code   RO         6666    i._printf_pre_padding  mc_w.l(printf8.o)
    0x08005316   0x08005316   0x0000000a   Code   RO         6668    i._sputc            mc_w.l(printf8.o)
    0x08005320   0x08005320   0x00000018   Code   RO          361    i.fputc             usart.o
    0x08005338   0x08005338   0x000001e4   Code   RO           13    i.main              main.o
    0x0800551c   0x0800551c   0x000000d0   Code   RO         1500    i.usart2_config     esp32.o
    0x080055ec   0x080055ec   0x00000028   Code   RO         1501    i.usart2_send_str   esp32.o
    0x08005614   0x08005614   0x00000064   Data   RO         1503    .constdata          esp32.o
    0x08005678   0x08005678   0x0000000c   Data   RO         1618    .constdata          mqtt.o
    0x08005684   0x08005684   0x000000ce   Data   RO         1504    .conststring        esp32.o
    0x08005752   0x08005752   0x00000002   PAD
    0x08005754   0x08005754   0x00000020   Data   RO         6751    Region$$Table       anon$$obj.o


    Execution Region RW_IRAM1 (Exec base: 0x20000000, Load base: 0x08005774, Size: 0x00002d38, Max: 0x00018000, ABSOLUTE)

    Exec Addr    Load Addr    Size         Type   Attr      Idx    E Section Name        Object

    0x20000000   0x08005774   0x00000023   Data   RW           15    .data               main.o
    0x20000023   0x08005797   0x00000001   PAD
    0x20000024   0x08005798   0x0000000a   Data   RW          484    .data               timer.o
    0x2000002e   0x080057a2   0x00000001   Data   RW          736    .data               bs8116.o
    0x2000002f   0x080057a3   0x00000002   Data   RW          893    .data               mg200.o
    0x20000031   0x080057a5   0x00000003   PAD
    0x20000034   0x080057a8   0x0000002e   Data   RW         1619    .data               mqtt.o
    0x20000062   0x080057d6   0x00000010   Data   RW         4303    .data               stm32f4xx_rcc.o
    0x20000072   0x080057e6   0x00000002   PAD
    0x20000074   0x080057e8   0x00000004   Data   RW         6725    .data               mc_w.l(stdout.o)
    0x20000078        -       0x000002a8   Zero   RW           14    .bss                main.o
    0x20000320        -       0x0000000a   Zero   RW          892    .bss                mg200.o
    0x2000032a   0x080057ec   0x00000002   PAD
    0x2000032c        -       0x00002008   Zero   RW         1450    .bss                font.o
    0x20002334        -       0x00000404   Zero   RW         1502    .bss                esp32.o
    0x20002738        -       0x00000200   Zero   RW         1617    .bss                mqtt.o
    0x20002938        -       0x00000400   Zero   RW            1    STACK               startup_stm32f40_41xxx.o


==============================================================================

Image component sizes


      Code (inc. data)   RO Data    RW Data    ZI Data      Debug   Object Name

       452         84          0          0          0       3271   at24c04.o
       432         58          0          0          0       3583   atiic.o
      1516        354          0          1          0       3082   bs8116.o
       428         44          0          0          0       3583   bsiic.o
       204          0          0          0          0       1326   delay.o
      2012        908        306          0       1028       9401   esp32.o
        36         12          0          0       8200       1240   font.o
      2070        316          0          0          0      10194   lcd.o
        72          4          0          0          0        553   led.o
       484         82          0         35        680     281164   main.o
      4228       1516          0          2         10      10849   mg200.o
       140         24          0          0          0       1591   misc.o
       156         14          0          0          0       2202   motor.o
      1482         68         12         46        512       7924   mqtt.o
      1872        138          0          0          0      12319   rfid.o
       240         12          0          0          0       2650   rtc.o
       188         16          0          0          0       1158   spi.o
        36          8        392          0       1024        884   startup_stm32f40_41xxx.o
        52         14          0          0          0       1848   stm32f4xx_dma.o
        12          6          0          0          0        561   stm32f4xx_exti.o
       248          0          0          0          0       4209   stm32f4xx_gpio.o
        26          0          0          0          0       4418   stm32f4xx_it.o
        12          6          0          0          0        550   stm32f4xx_pwr.o
       412         58          0         16          0       6383   stm32f4xx_rcc.o
      1034         72          0          0          0       9450   stm32f4xx_rtc.o
       220         28          0          0          0       4383   stm32f4xx_tim.o
       438          8          0          0          0       5621   stm32f4xx_usart.o
       336         32          0          0          0       1605   system_stm32f4xx.o
       300         32          0         10          0       2197   timer.o
       164         14          0          0          0       1275   usart.o
       616        124          0          0          0       2982   voice.o
        76          6          0          0          0        984   w25q64.o

    ----------------------------------------------------------------------
     20016       4058        744        116      11456     403440   Object Totals
         0          0         32          0          0          0   (incl. Generated)
        22          0          2          6          2          0   (incl. Padding)

    ----------------------------------------------------------------------

      Code (inc. data)   RO Data    RW Data    ZI Data      Debug   Library Member Name

         0          0          0          0          0          0   entry.o
         0          0          0          0          0          0   entry10a.o
         0          0          0          0          0          0   entry11a.o
         8          4          0          0          0          0   entry2.o
         4          0          0          0          0          0   entry5.o
         0          0          0          0          0          0   entry7b.o
         0          0          0          0          0          0   entry8b.o
         8          4          0          0          0          0   entry9a.o
        30          0          0          0          0          0   handlers.o
        36          8          0          0          0         68   init.o
        30          0          0          0          0         68   llshl.o
        32          0          0          0          0         68   llushr.o
        36          0          0          0          0         68   memcpya.o
        36          0          0          0          0        108   memseta.o
      1204         60          0          0          0        504   printf8.o
         0          0          0          4          0          0   stdout.o
        24          0          0          0          0         68   strcat.o
        28          0          0          0          0         76   strcmp.o
        14          0          0          0          0         68   strlen.o
        36          0          0          0          0         80   strstr.o
        98          0          0          0          0         92   uldiv.o

    ----------------------------------------------------------------------
      1628         76          0          4          0       1268   Library Totals
         4          0          0          0          0          0   (incl. Padding)

    ----------------------------------------------------------------------

      Code (inc. data)   RO Data    RW Data    ZI Data      Debug   Library Name

      1624         76          0          4          0       1268   mc_w.l

    ----------------------------------------------------------------------
      1628         76          0          4          0       1268   Library Totals

    ----------------------------------------------------------------------

==============================================================================


      Code (inc. data)   RO Data    RW Data    ZI Data      Debug   

     21644       4134        744        120      11456     387788   Grand Totals
     21644       4134        744        120      11456     387788   ELF Image Totals
     21644       4134        744        120          0          0   ROM Totals

==============================================================================

    Total RO  Size (Code + RO Data)                22388 (  21.86kB)
    Total RW  Size (RW Data + ZI Data)             11576 (  11.30kB)
    Total ROM Size (Code + RO Data + RW Data)      22508 (  21.98kB)

==============================================================================

